<html>
<body>
<pre>
<h1>µVision Build Log</h1>
<h2>Tool Versions:</h2>
IDE-Version: ¦ÌVision V5.41.0.0
Copyright (C) 2024 ARM Ltd and ARM Germany GmbH. All rights reserved.
License Information: Yongjian Zhu, Peking University, LIC=----
 
Tool Versions:
Toolchain:       MDK-Lite  Version: 5.41.0.0
Toolchain Path:  C:\Users\18101\AppData\Local\Keil_v5\ARM\ARMCompiler506_b960\Bin
C Compiler:      Armcc.exe V5.06 update 7 (build 960)
Assembler:       Armasm.exe V5.06 update 7 (build 960)
Linker/Locator:  ArmLink.exe V5.06 update 7 (build 960)
Library Manager: ArmAr.exe V5.06 update 7 (build 960)
Hex Converter:   FromElf.exe V5.06 update 7 (build 960)
CPU DLL:         SARMCM3.DLL V5.41.0.0
Dialog DLL:      DCM.DLL V1.17.5.0
Target DLL:      CMSIS_AGDI.dll V1.33.21.0
Dialog DLL:      TCM.DLL V1.56.4.0
 
<h2>Project:</h2>
E:\230111672_ssd\foldableWingUAV\stm32\Servo\servo_stepper\servo_stepper_4 - backup20251201_2\MDK-ARM\servo_stepper_2.uvprojx
Project File Date:  10/13/2025

<h2>Output:</h2>
*** Using Compiler 'V5.06 update 7 (build 960)', folder: 'C:\Users\18101\AppData\Local\Keil_v5\ARM\ARMCompiler506_b960\Bin'
Build target 'servo_stepper_2'
compiling main.c...
../Core/Src/main.c(135): warning:  #1035-D: single-precision operand implicitly converted to double-precision
  	return (uint16_t)((deg0)/180.0*(2450-450)+470);
../Core/Src/main.c(145): warning:  #1035-D: single-precision operand implicitly converted to double-precision
  	return (uint16_t)((deg_r + 360/25 )/180.0*(2450-450)+450);
../Core/Src/main.c(159): warning:  #1035-D: single-precision operand implicitly converted to double-precision
  	return (uint16_t)((aoa_deg_l)/170.0*(-2550+500) + 2550-960);
../Core/Src/main.c(167): warning:  #1035-D: single-precision operand implicitly converted to double-precision
  	return (uint16_t)((aoa_deg_r)/170.0*(2500-550)+650+700); 
../Core/Src/main.c: 4 warnings, 0 errors
linking...
Program Size: Code=21120 RO-data=1744 RW-data=92 ZI-data=4652  
FromELF: creating hex file...
"servo_stepper_2\servo_stepper_2.axf" - 0 Error(s), 4 Warning(s).

<h2>Software Packages used:</h2>

Package Vendor: ARM
                https://www.keil.com/pack/ARM.CMSIS.6.1.0.pack
                ARM::CMSIS@6.1.0
                CMSIS (Common Microcontroller Software Interface Standard)
   * Component: CORE Version: 6.1.0

Package Vendor: Keil
                https://www.keil.com/pack/Keil.STM32F4xx_DFP.2.17.1.pack
                Keil::STM32F4xx_DFP@2.17.1
                STMicroelectronics STM32F4 Series Device Support, Drivers and Examples

<h2>Collection of Component include folders:</h2>
  ./RTE/_servo_stepper_2
  C:/Users/18101/AppData/Local/Arm/Packs/ARM/CMSIS/6.1.0/CMSIS/Core/Include
  C:/Users/18101/AppData/Local/Arm/Packs/Keil/STM32F4xx_DFP/2.17.1/Drivers/CMSIS/Device/ST/STM32F4xx/Include

<h2>Collection of Component Files used:</h2>

   * Component: ARM::CMSIS:CORE@6.1.0
Build Time Elapsed:  00:00:01
</pre>
</body>
</html>
