Component: ARM Compiler 5.06 update 7 (build 960) Tool: armlink [4d3601]

==============================================================================

Section Cross References

    startup_stm32f407xx.o(RESET) refers to startup_stm32f407xx.o(STACK) for __initial_sp
    startup_stm32f407xx.o(RESET) refers to startup_stm32f407xx.o(.text) for Reset_Handler
    startup_stm32f407xx.o(RESET) refers to stm32f4xx_it.o(i.NMI_Handler) for NMI_Handler
    startup_stm32f407xx.o(RESET) refers to stm32f4xx_it.o(i.HardFault_Handler) for HardFault_Handler
    startup_stm32f407xx.o(RESET) refers to stm32f4xx_it.o(i.MemManage_Handler) for MemManage_Handler
    startup_stm32f407xx.o(RESET) refers to stm32f4xx_it.o(i.BusFault_Handler) for BusFault_Handler
    startup_stm32f407xx.o(RESET) refers to stm32f4xx_it.o(i.UsageFault_Handler) for UsageFault_Handler
    startup_stm32f407xx.o(RESET) refers to stm32f4xx_it.o(i.SVC_Handler) for SVC_Handler
    startup_stm32f407xx.o(RESET) refers to stm32f4xx_it.o(i.DebugMon_Handler) for DebugMon_Handler
    startup_stm32f407xx.o(RESET) refers to stm32f4xx_it.o(i.PendSV_Handler) for PendSV_Handler
    startup_stm32f407xx.o(RESET) refers to stm32f4xx_it.o(i.SysTick_Handler) for SysTick_Handler
    startup_stm32f407xx.o(RESET) refers to stm32f4xx_it.o(i.DMA1_Stream1_IRQHandler) for DMA1_Stream1_IRQHandler
    startup_stm32f407xx.o(RESET) refers to stm32f4xx_it.o(i.DMA1_Stream3_IRQHandler) for DMA1_Stream3_IRQHandler
    startup_stm32f407xx.o(RESET) refers to stm32f4xx_it.o(i.DMA1_Stream5_IRQHandler) for DMA1_Stream5_IRQHandler
    startup_stm32f407xx.o(RESET) refers to stm32f4xx_it.o(i.DMA1_Stream6_IRQHandler) for DMA1_Stream6_IRQHandler
    startup_stm32f407xx.o(RESET) refers to stm32f4xx_it.o(i.USART1_IRQHandler) for USART1_IRQHandler
    startup_stm32f407xx.o(RESET) refers to stm32f4xx_it.o(i.USART2_IRQHandler) for USART2_IRQHandler
    startup_stm32f407xx.o(RESET) refers to stm32f4xx_it.o(i.USART3_IRQHandler) for USART3_IRQHandler
    startup_stm32f407xx.o(RESET) refers to stm32f4xx_it.o(i.USART6_IRQHandler) for USART6_IRQHandler
    startup_stm32f407xx.o(.text) refers to system_stm32f4xx.o(i.SystemInit) for SystemInit
    startup_stm32f407xx.o(.text) refers to entry.o(.ARM.Collect$$$$00000000) for __main
    emm_v5.o(i.Emm_V5_En_Control) refers to stm32f4xx_hal_uart.o(i.HAL_UART_Transmit_DMA) for HAL_UART_Transmit_DMA
    emm_v5.o(i.Emm_V5_En_Control) refers to usart.o(.bss) for huart3
    emm_v5.o(i.Emm_V5_Modify_Ctrl_Mode) refers to stm32f4xx_hal_uart.o(i.HAL_UART_Transmit_DMA) for HAL_UART_Transmit_DMA
    emm_v5.o(i.Emm_V5_Modify_Ctrl_Mode) refers to usart.o(.bss) for huart3
    emm_v5.o(i.Emm_V5_Origin_Interrupt) refers to stm32f4xx_hal_uart.o(i.HAL_UART_Transmit_DMA) for HAL_UART_Transmit_DMA
    emm_v5.o(i.Emm_V5_Origin_Interrupt) refers to usart.o(.bss) for huart3
    emm_v5.o(i.Emm_V5_Origin_Modify_Params) refers to memseta.o(.text) for __aeabi_memclr4
    emm_v5.o(i.Emm_V5_Origin_Modify_Params) refers to stm32f4xx_hal_uart.o(i.HAL_UART_Transmit_DMA) for HAL_UART_Transmit_DMA
    emm_v5.o(i.Emm_V5_Origin_Modify_Params) refers to usart.o(.bss) for huart3
    emm_v5.o(i.Emm_V5_Origin_Set_O) refers to stm32f4xx_hal_uart.o(i.HAL_UART_Transmit_DMA) for HAL_UART_Transmit_DMA
    emm_v5.o(i.Emm_V5_Origin_Set_O) refers to usart.o(.bss) for huart3
    emm_v5.o(i.Emm_V5_Origin_Trigger_Return) refers to stm32f4xx_hal_uart.o(i.HAL_UART_Transmit_DMA) for HAL_UART_Transmit_DMA
    emm_v5.o(i.Emm_V5_Origin_Trigger_Return) refers to usart.o(.bss) for huart3
    emm_v5.o(i.Emm_V5_Pos_Control) refers to stm32f4xx_hal_uart.o(i.HAL_UART_Transmit_DMA) for HAL_UART_Transmit_DMA
    emm_v5.o(i.Emm_V5_Pos_Control) refers to main.o(.bss) for cmd
    emm_v5.o(i.Emm_V5_Pos_Control) refers to usart.o(.bss) for huart3
    emm_v5.o(i.Emm_V5_Read_Sys_Params) refers to stm32f4xx_hal_uart.o(i.HAL_UART_Transmit_DMA) for HAL_UART_Transmit_DMA
    emm_v5.o(i.Emm_V5_Read_Sys_Params) refers to main.o(.bss) for cmd
    emm_v5.o(i.Emm_V5_Read_Sys_Params) refers to usart.o(.bss) for huart3
    emm_v5.o(i.Emm_V5_Reset_Clog_Pro) refers to stm32f4xx_hal_uart.o(i.HAL_UART_Transmit_DMA) for HAL_UART_Transmit_DMA
    emm_v5.o(i.Emm_V5_Reset_Clog_Pro) refers to usart.o(.bss) for huart3
    emm_v5.o(i.Emm_V5_Reset_CurPos_To_Zero) refers to stm32f4xx_hal_uart.o(i.HAL_UART_Transmit_DMA) for HAL_UART_Transmit_DMA
    emm_v5.o(i.Emm_V5_Reset_CurPos_To_Zero) refers to usart.o(.bss) for huart3
    emm_v5.o(i.Emm_V5_Stop_Now) refers to stm32f4xx_hal_uart.o(i.HAL_UART_Transmit_DMA) for HAL_UART_Transmit_DMA
    emm_v5.o(i.Emm_V5_Stop_Now) refers to usart.o(.bss) for huart3
    emm_v5.o(i.Emm_V5_Synchronous_motion) refers to stm32f4xx_hal_uart.o(i.HAL_UART_Transmit_DMA) for HAL_UART_Transmit_DMA
    emm_v5.o(i.Emm_V5_Synchronous_motion) refers to usart.o(.bss) for huart3
    emm_v5.o(i.Emm_V5_Vel_Control) refers to stm32f4xx_hal_uart.o(i.HAL_UART_Transmit_DMA) for HAL_UART_Transmit_DMA
[...]
    ../Drivers/STM32F4xx_HAL_Driver/Src/stm32f4xx_hal_flash_ramfunc.c 0x00000000   Number         0  stm32f4xx_hal_flash_ramfunc.o ABSOLUTE
    ../Drivers/STM32F4xx_HAL_Driver/Src/stm32f4xx_hal_gpio.c 0x00000000   Number         0  stm32f4xx_hal_gpio.o ABSOLUTE
    ../Drivers/STM32F4xx_HAL_Driver/Src/stm32f4xx_hal_pwr.c 0x00000000   Number         0  stm32f4xx_hal_pwr.o ABSOLUTE
    ../Drivers/STM32F4xx_HAL_Driver/Src/stm32f4xx_hal_pwr_ex.c 0x00000000   Number         0  stm32f4xx_hal_pwr_ex.o ABSOLUTE
    ../Drivers/STM32F4xx_HAL_Driver/Src/stm32f4xx_hal_rcc.c 0x00000000   Number         0  stm32f4xx_hal_rcc.o ABSOLUTE
    ../Drivers/STM32F4xx_HAL_Driver/Src/stm32f4xx_hal_rcc_ex.c 0x00000000   Number         0  stm32f4xx_hal_rcc_ex.o ABSOLUTE
    ../Drivers/STM32F4xx_HAL_Driver/Src/stm32f4xx_hal_tim.c 0x00000000   Number         0  stm32f4xx_hal_tim.o ABSOLUTE
    ../Drivers/STM32F4xx_HAL_Driver/Src/stm32f4xx_hal_tim_ex.c 0x00000000   Number         0  stm32f4xx_hal_tim_ex.o ABSOLUTE
    ../Drivers/STM32F4xx_HAL_Driver/Src/stm32f4xx_hal_uart.c 0x00000000   Number         0  stm32f4xx_hal_uart.o ABSOLUTE
    ../clib/microlib/ctype/ctype.c           0x00000000   Number         0  isgraph_o.o ABSOLUTE
    ../clib/microlib/ctype/ctype.c           0x00000000   Number         0  isspace_c.o ABSOLUTE
    ../clib/microlib/ctype/ctype.c           0x00000000   Number         0  isspace_o.o ABSOLUTE
    ../clib/microlib/ctype/ctype.c           0x00000000   Number         0  isblank_o.o ABSOLUTE
    ../clib/microlib/ctype/ctype.c           0x00000000   Number         0  isalnum_o.o ABSOLUTE
    ../clib/microlib/ctype/ctype.c           0x00000000   Number         0  isdigit_o.o ABSOLUTE
    ../clib/microlib/ctype/ctype.c           0x00000000   Number         0  isalpha_o.o ABSOLUTE
    ../clib/microlib/ctype/ctype.c           0x00000000   Number         0  islower_o.o ABSOLUTE
    ../clib/microlib/ctype/ctype.c           0x00000000   Number         0  ctype_o.o ABSOLUTE
    ../clib/microlib/ctype/ctype.c           0x00000000   Number         0  isprint_o.o ABSOLUTE
    ../clib/microlib/ctype/ctype.c           0x00000000   Number         0  ispunct_o.o ABSOLUTE
    ../clib/microlib/ctype/ctype.c           0x00000000   Number         0  ctype_c.o ABSOLUTE
    ../clib/microlib/ctype/ctype.c           0x00000000   Number         0  iscntrl_o.o ABSOLUTE
    ../clib/microlib/ctype/ctype.c           0x00000000   Number         0  isupper_o.o ABSOLUTE
    ../clib/microlib/ctype/ctype.c           0x00000000   Number         0  isxdigit_o.o ABSOLUTE
    ../clib/microlib/division.c              0x00000000   Number         0  uidiv.o ABSOLUTE
    ../clib/microlib/division.c              0x00000000   Number         0  uldiv.o ABSOLUTE
    ../clib/microlib/errno.c                 0x00000000   Number         0  errno.o ABSOLUTE
    ../clib/microlib/init/entry.s            0x00000000   Number         0  entry8b.o ABSOLUTE
    ../clib/microlib/init/entry.s            0x00000000   Number         0  entry12b.o ABSOLUTE
    ../clib/microlib/init/entry.s            0x00000000   Number         0  entry10b.o ABSOLUTE
    ../clib/microlib/init/entry.s            0x00000000   Number         0  entry9b.o ABSOLUTE
    ../clib/microlib/init/entry.s            0x00000000   Number         0  entry7a.o ABSOLUTE
    ../clib/microlib/init/entry.s            0x00000000   Number         0  entry11a.o ABSOLUTE
    ../clib/microlib/init/entry.s            0x00000000   Number         0  entry9a.o ABSOLUTE
    ../clib/microlib/init/entry.s            0x00000000   Number         0  entry2.o ABSOLUTE
    ../clib/microlib/init/entry.s            0x00000000   Number         0  entry10a.o ABSOLUTE
    ../clib/microlib/init/entry.s            0x00000000   Number         0  entry5.o ABSOLUTE
    ../clib/microlib/init/entry.s            0x00000000   Number         0  entry11b.o ABSOLUTE
    ../clib/microlib/init/entry.s            0x00000000   Number         0  entry7b.o ABSOLUTE
    ../clib/microlib/init/entry.s            0x00000000   Number         0  entry.o ABSOLUTE
    ../clib/microlib/init/entry.s            0x00000000   Number         0  entry8a.o ABSOLUTE
    ../clib/microlib/init/entry.s            0x00000000   Number         0  entry12a.o ABSOLUTE
    ../clib/microlib/longlong.c              0x00000000   Number         0  llushr.o ABSOLUTE
    ../clib/microlib/longlong.c              0x00000000   Number         0  llshl.o ABSOLUTE
    ../clib/microlib/longlong.c              0x00000000   Number         0  llsshr.o ABSOLUTE
    ../clib/microlib/printf/printf.c         0x00000000   Number         0  printfa.o ABSOLUTE
    ../clib/microlib/printf/printf.c         0x00000000   Number         0  printf8.o ABSOLUTE
    ../clib/microlib/printf/printf.c         0x00000000   Number         0  printf7.o ABSOLUTE
    ../clib/microlib/printf/printf.c         0x00000000   Number         0  printf1.o ABSOLUTE
    ../clib/microlib/printf/printf.c         0x00000000   Number         0  printf6.o ABSOLUTE
    ../clib/microlib/printf/printf.c         0x00000000   Number         0  printf5.o ABSOLUTE
    ../clib/microlib/printf/printf.c         0x00000000   Number         0  printf4.o ABSOLUTE
    ../clib/microlib/printf/printf.c         0x00000000   Number         0  printf3.o ABSOLUTE
    ../clib/microlib/printf/printf.c         0x00000000   Number         0  printf2.o ABSOLUTE
    ../clib/microlib/printf/printf.c         0x00000000   Number         0  printf0.o ABSOLUTE
    ../clib/microlib/printf/printf.c         0x00000000   Number         0  printfb.o ABSOLUTE
    ../clib/microlib/printf/stubs.s          0x00000000   Number         0  stubs.o ABSOLUTE
    ../clib/microlib/stdio/streams.c         0x00000000   Number         0  stdout.o ABSOLUTE
    ../clib/microlib/string/memcpy.c         0x00000000   Number         0  memcpya.o ABSOLUTE
    ../clib/microlib/string/memcpy.c         0x00000000   Number         0  memcpyb.o ABSOLUTE
    ../clib/microlib/string/memset.c         0x00000000   Number         0  memseta.o ABSOLUTE
    ../clib/microlib/string/strchr.c         0x00000000   Number         0  strchr.o ABSOLUTE
    ../clib/microlib/string/strlen.c         0x00000000   Number         0  strlen.o ABSOLUTE
    ../clib/microlib/string/strstr.c         0x00000000   Number         0  strstr.o ABSOLUTE
    ../clib/microlib/stubs.s                 0x00000000   Number         0  iusefp.o ABSOLUTE
    ../clib/scanf.c                          0x00000000   Number         0  _strtoul.o ABSOLUTE
    ../clib/scanf.c                          0x00000000   Number         0  strtod.o ABSOLUTE
    ../clib/scanf.c                          0x00000000   Number         0  strtol.o ABSOLUTE
    ../clib/scanf.c                          0x00000000   Number         0  atoi.o ABSOLUTE
    ../clib/scanf.c                          0x00000000   Number         0  _chval.o ABSOLUTE
    ../clib/scanf.c                          0x00000000   Number         0  scanf_fp.o ABSOLUTE
    ../clib/scanf.c                          0x00000000   Number         0  _sgetc.o ABSOLUTE
    ../fplib/microlib/d2f.c                  0x00000000   Number         0  d2f.o ABSOLUTE
    ../fplib/microlib/f2d.c                  0x00000000   Number         0  f2d.o ABSOLUTE
    ../fplib/microlib/fpadd.c                0x00000000   Number         0  dadd.o ABSOLUTE
    ../fplib/microlib/fpdiv.c                0x00000000   Number         0  ddiv.o ABSOLUTE
    ../fplib/microlib/fpepilogue.c           0x00000000   Number         0  depilogue.o ABSOLUTE
    ../fplib/microlib/fpepilogue.c           0x00000000   Number         0  fepilogue.o ABSOLUTE
    ../fplib/microlib/fpfix.c                0x00000000   Number         0  dfixi.o ABSOLUTE
    ../fplib/microlib/fpfix.c                0x00000000   Number         0  dfixui.o ABSOLUTE
    ../fplib/microlib/fpfix.c                0x00000000   Number         0  dfixul.o ABSOLUTE
    ../fplib/microlib/fpflt.c                0x00000000   Number         0  dfltul.o ABSOLUTE
    ../fplib/microlib/fpflt.c                0x00000000   Number         0  dflti.o ABSOLUTE
    ../fplib/microlib/fpflt.c                0x00000000   Number         0  dfltui.o ABSOLUTE
    ../fplib/microlib/fpmul.c                0x00000000   Number         0  dmul.o ABSOLUTE
    ../mathlib/atof.c                        0x00000000   Number         0  atof.o ABSOLUTE
    ../mathlib/fabs.c                        0x00000000   Number         0  fabs.o ABSOLUTE
    ../mathlib/floor.c                       0x00000000   Number         0  floor.o ABSOLUTE
    ..\Core\Src\dma.c                        0x00000000   Number         0  dma.o ABSOLUTE
    ..\Core\Src\gpio.c                       0x00000000   Number         0  gpio.o ABSOLUTE
    ..\Core\Src\main.c                       0x00000000   Number         0  main.o ABSOLUTE
    ..\Core\Src\stm32f4xx_hal_msp.c          0x00000000   Number         0  stm32f4xx_hal_msp.o ABSOLUTE
    ..\Core\Src\stm32f4xx_it.c               0x00000000   Number         0  stm32f4xx_it.o ABSOLUTE
    ..\Core\Src\system_stm32f4xx.c           0x00000000   Number         0  system_stm32f4xx.o ABSOLUTE
    ..\Core\Src\tim.c                        0x00000000   Number         0  tim.o ABSOLUTE
    ..\Core\Src\usart.c                      0x00000000   Number         0  usart.o ABSOLUTE
    ..\Drivers\STM32F4xx_HAL_Driver\Src\stm32f4xx_hal.c 0x00000000   Number         0  stm32f4xx_hal.o ABSOLUTE
    ..\Drivers\STM32F4xx_HAL_Driver\Src\stm32f4xx_hal_cortex.c 0x00000000   Number         0  stm32f4xx_hal_cortex.o ABSOLUTE
    ..\Drivers\STM32F4xx_HAL_Driver\Src\stm32f4xx_hal_dma.c 0x00000000   Number         0  stm32f4xx_hal_dma.o ABSOLUTE
    ..\Drivers\STM32F4xx_HAL_Driver\Src\stm32f4xx_hal_dma_ex.c 0x00000000   Number         0  stm32f4xx_hal_dma_ex.o ABSOLUTE
    ..\Drivers\STM32F4xx_HAL_Driver\Src\stm32f4xx_hal_exti.c 0x00000000   Number         0  stm32f4xx_hal_exti.o ABSOLUTE
    ..\Drivers\STM32F4xx_HAL_Driver\Src\stm32f4xx_hal_flash.c 0x00000000   Number         0  stm32f4xx_hal_flash.o ABSOLUTE
    ..\Drivers\STM32F4xx_HAL_Driver\Src\stm32f4xx_hal_flash_ex.c 0x00000000   Number         0  stm32f4xx_hal_flash_ex.o ABSOLUTE
    ..\Drivers\STM32F4xx_HAL_Driver\Src\stm32f4xx_hal_flash_ramfunc.c 0x00000000   Number         0  stm32f4xx_hal_flash_ramfunc.o ABSOLUTE
    ..\Drivers\STM32F4xx_HAL_Driver\Src\stm32f4xx_hal_gpio.c 0x00000000   Number         0  stm32f4xx_hal_gpio.o ABSOLUTE
    ..\Drivers\STM32F4xx_HAL_Driver\Src\stm32f4xx_hal_pwr.c 0x00000000   Number         0  stm32f4xx_hal_pwr.o ABSOLUTE
    ..\Drivers\STM32F4xx_HAL_Driver\Src\stm32f4xx_hal_pwr_ex.c 0x00000000   Number         0  stm32f4xx_hal_pwr_ex.o ABSOLUTE
    ..\Drivers\STM32F4xx_HAL_Driver\Src\stm32f4xx_hal_rcc.c 0x00000000   Number         0  stm32f4xx_hal_rcc.o ABSOLUTE
    ..\Drivers\STM32F4xx_HAL_Driver\Src\stm32f4xx_hal_rcc_ex.c 0x00000000   Number         0  stm32f4xx_hal_rcc_ex.o ABSOLUTE
    ..\Drivers\STM32F4xx_HAL_Driver\Src\stm32f4xx_hal_tim.c 0x00000000   Number         0  stm32f4xx_hal_tim.o ABSOLUTE
    ..\Drivers\STM32F4xx_HAL_Driver\Src\stm32f4xx_hal_tim_ex.c 0x00000000   Number         0  stm32f4xx_hal_tim_ex.o ABSOLUTE
    ..\Drivers\STM32F4xx_HAL_Driver\Src\stm32f4xx_hal_uart.c 0x00000000   Number         0  stm32f4xx_hal_uart.o ABSOLUTE
    Emm_V5.c                                 0x00000000   Number         0  emm_v5.o ABSOLUTE
    Emm_V5.c                                 0x00000000   Number         0  emm_v5.o ABSOLUTE
    cdcmple.s                                0x00000000   Number         0  cdcmple.o ABSOLUTE
    cdrcmple.s                               0x00000000   Number         0  cdrcmple.o ABSOLUTE
    dc.s                                     0x00000000   Number         0  dc.o ABSOLUTE
    example_data.c                           0x00000000   Number         0  example_data.o ABSOLUTE
    handlers.s                               0x00000000   Number         0  handlers.o ABSOLUTE
    hipnuc_dec.c                             0x00000000   Number         0  hipnuc_dec.o ABSOLUTE
    init.s                                   0x00000000   Number         0  init.o ABSOLUTE
    nmea_dec.c                               0x00000000   Number         0  nmea_dec.o ABSOLUTE
    startup_stm32f407xx.s                    0x00000000   Number         0  startup_stm32f407xx.o ABSOLUTE
    RESET                                    0x08000000   Section      392  startup_stm32f407xx.o(RESET)
    .ARM.Collect$$$$00000000                 0x08000188   Section        0  entry.o(.ARM.Collect$$$$00000000)
    .ARM.Collect$$$$00000001                 0x08000188   Section        4  entry2.o(.ARM.Collect$$$$00000001)
    .ARM.Collect$$$$00000004                 0x0800018c   Section        4  entry5.o(.ARM.Collect$$$$00000004)
    .ARM.Collect$$$$00000008                 0x08000190   Section        0  entry7b.o(.ARM.Collect$$$$00000008)
    .ARM.Collect$$$$0000000A                 0x08000190   Section        0  entry8b.o(.ARM.Collect$$$$0000000A)
    .ARM.Collect$$$$0000000B                 0x08000190   Section        8  entry9a.o(.ARM.Collect$$$$0000000B)
    .ARM.Collect$$$$0000000E                 0x08000198   Section        4  entry12b.o(.ARM.Collect$$$$0000000E)
    .ARM.Collect$$$$0000000F                 0x0800019c   Section        0  entry10a.o(.ARM.Collect$$$$0000000F)
    .ARM.Collect$$$$00000011                 0x0800019c   Section        0  entry11a.o(.ARM.Collect$$$$00000011)
    .ARM.Collect$$$$00002712                 0x0800019c   Section        4  entry2.o(.ARM.Collect$$$$00002712)
    __lit__00000000                          0x0800019c   Data           4  entry2.o(.ARM.Collect$$$$00002712)
    .text                                    0x080001a0   Section       36  startup_stm32f407xx.o(.text)
    $v0                                      0x080001a0   Number         0  startup_stm32f407xx.o(.text)
    .text                                    0x080001c4   Section        0  uldiv.o(.text)
    .text                                    0x08000226   Section        0  memcpya.o(.text)
    .text                                    0x0800024a   Section        0  memseta.o(.text)
    .text                                    0x0800026e   Section        0  dadd.o(.text)
    .text                                    0x080003bc   Section        0  dmul.o(.text)
    .text                                    0x080004a0   Section        0  ddiv.o(.text)
    .text                                    0x0800057e   Section        0  dflti.o(.text)
    .text                                    0x080005a0   Section        0  dfltui.o(.text)
    .text                                    0x080005ba   Section        0  dfixui.o(.text)
    .text                                    0x080005ec   Section        0  f2d.o(.text)
    .text                                    0x08000614   Section       48  cdrcmple.o(.text)
    .text                                    0x08000644   Section        0  uidiv.o(.text)
    .text                                    0x08000670   Section        0  llshl.o(.text)
    .text                                    0x0800068e   Section        0  llushr.o(.text)
    .text                                    0x080006ae   Section        0  llsshr.o(.text)
    .text                                    0x080006d2   Section        0  iusefp.o(.text)
    .text                                    0x080006d2   Section        0  depilogue.o(.text)
    .text                                    0x0800078c   Section        0  dfixul.o(.text)
    .text                                    0x080007bc   Section       36  init.o(.text)
    i.BusFault_Handler                       0x080007e0   Section        0  stm32f4xx_it.o(i.BusFault_Handler)
    i.DMA1_Stream1_IRQHandler                0x080007e4   Section        0  stm32f4xx_it.o(i.DMA1_Stream1_IRQHandler)
    i.DMA1_Stream3_IRQHandler                0x080007f0   Section        0  stm32f4xx_it.o(i.DMA1_Stream3_IRQHandler)
    i.DMA1_Stream5_IRQHandler                0x080007fc   Section        0  stm32f4xx_it.o(i.DMA1_Stream5_IRQHandler)
    i.DMA1_Stream6_IRQHandler                0x08000808   Section        0  stm32f4xx_it.o(i.DMA1_Stream6_IRQHandler)
    i.DMA_CalcBaseAndBitshift                0x08000814   Section        0  stm32f4xx_hal_dma.o(i.DMA_CalcBaseAndBitshift)
    DMA_CalcBaseAndBitshift                  0x08000815   Thumb Code    34  stm32f4xx_hal_dma.o(i.DMA_CalcBaseAndBitshift)
    i.DMA_CheckFifoParam                     0x0800083c   Section        0  stm32f4xx_hal_dma.o(i.DMA_CheckFifoParam)
    DMA_CheckFifoParam                       0x0800083d   Thumb Code    84  stm32f4xx_hal_dma.o(i.DMA_CheckFifoParam)
    i.DMA_SetConfig                          0x08000890   Section        0  stm32f4xx_hal_dma.o(i.DMA_SetConfig)
    DMA_SetConfig                            0x08000891   Thumb Code    40  stm32f4xx_hal_dma.o(i.DMA_SetConfig)
    i.DebugMon_Handler                       0x080008b8   Section        0  stm32f4xx_it.o(i.DebugMon_Handler)
    i.Emm_V5_Pos_Control                     0x080008bc   Section        0  emm_v5.o(i.Emm_V5_Pos_Control)
    i.Emm_V5_Read_Sys_Params                 0x08000900   Section        0  emm_v5.o(i.Emm_V5_Read_Sys_Params)
    i.Error_Handler                          0x0800097c   Section        0  main.o(i.Error_Handler)
    i.HAL_DMA_Abort                          0x08000980   Section        0  stm32f4xx_hal_dma.o(i.HAL_DMA_Abort)
    i.HAL_DMA_Abort_IT                       0x08000a12   Section        0  stm32f4xx_hal_dma.o(i.HAL_DMA_Abort_IT)
    i.HAL_DMA_IRQHandler                     0x08000a38   Section        0  stm32f4xx_hal_dma.o(i.HAL_DMA_IRQHandler)
    i.HAL_DMA_Init                           0x08000bd8   Section        0  stm32f4xx_hal_dma.o(i.HAL_DMA_Init)
    i.HAL_DMA_Start_IT                       0x08000cac   Section        0  stm32f4xx_hal_dma.o(i.HAL_DMA_Start_IT)
    i.HAL_Delay                              0x08000d1c   Section        0  stm32f4xx_hal.o(i.HAL_Delay)
    i.HAL_GPIO_Init                          0x08000d40   Section        0  stm32f4xx_hal_gpio.o(i.HAL_GPIO_Init)
    i.HAL_GPIO_WritePin                      0x08000f30   Section        0  stm32f4xx_hal_gpio.o(i.HAL_GPIO_WritePin)
    i.HAL_GetTick                            0x08000f3c   Section        0  stm32f4xx_hal.o(i.HAL_GetTick)
    i.HAL_IncTick                            0x08000f48   Section        0  stm32f4xx_hal.o(i.HAL_IncTick)
    i.HAL_Init                               0x08000f58   Section        0  stm32f4xx_hal.o(i.HAL_Init)
    i.HAL_InitTick                           0x08000f8c   Section        0  stm32f4xx_hal.o(i.HAL_InitTick)
    i.HAL_MspInit                            0x08000fcc   Section        0  stm32f4xx_hal_msp.o(i.HAL_MspInit)
    i.HAL_NVIC_EnableIRQ                     0x08000ffc   Section        0  stm32f4xx_hal_cortex.o(i.HAL_NVIC_EnableIRQ)
    i.HAL_NVIC_SetPriority                   0x08001018   Section        0  stm32f4xx_hal_cortex.o(i.HAL_NVIC_SetPriority)
    i.HAL_NVIC_SetPriorityGrouping           0x08001058   Section        0  stm32f4xx_hal_cortex.o(i.HAL_NVIC_SetPriorityGrouping)
    i.HAL_RCC_ClockConfig                    0x0800107c   Section        0  stm32f4xx_hal_rcc.o(i.HAL_RCC_ClockConfig)
    i.HAL_RCC_GetPCLK1Freq                   0x080011b0   Section        0  stm32f4xx_hal_rcc.o(i.HAL_RCC_GetPCLK1Freq)
    i.HAL_RCC_GetPCLK2Freq                   0x080011d0   Section        0  stm32f4xx_hal_rcc.o(i.HAL_RCC_GetPCLK2Freq)
    i.HAL_RCC_GetSysClockFreq                0x080011f0   Section        0  stm32f4xx_hal_rcc.o(i.HAL_RCC_GetSysClockFreq)
    i.HAL_RCC_OscConfig                      0x08001254   Section        0  stm32f4xx_hal_rcc.o(i.HAL_RCC_OscConfig)
    i.HAL_SYSTICK_Config                     0x080015c0   Section        0  stm32f4xx_hal_cortex.o(i.HAL_SYSTICK_Config)
    i.HAL_TIMEx_MasterConfigSynchronization  0x080015e8   Section        0  stm32f4xx_hal_tim_ex.o(i.HAL_TIMEx_MasterConfigSynchronization)
    i.HAL_TIM_Base_Init                      0x08001678   Section        0  stm32f4xx_hal_tim.o(i.HAL_TIM_Base_Init)
    i.HAL_TIM_Base_MspInit                   0x080016d4   Section        0  tim.o(i.HAL_TIM_Base_MspInit)
    i.HAL_TIM_ConfigClockSource              0x08001714   Section        0  stm32f4xx_hal_tim.o(i.HAL_TIM_ConfigClockSource)
    i.HAL_TIM_MspPostInit                    0x080017f0   Section        0  tim.o(i.HAL_TIM_MspPostInit)
    i.HAL_TIM_PWM_ConfigChannel              0x08001874   Section        0  stm32f4xx_hal_tim.o(i.HAL_TIM_PWM_ConfigChannel)
    i.HAL_TIM_PWM_Init                       0x08001940   Section        0  stm32f4xx_hal_tim.o(i.HAL_TIM_PWM_Init)
    i.HAL_TIM_PWM_MspInit                    0x0800199a   Section        0  stm32f4xx_hal_tim.o(i.HAL_TIM_PWM_MspInit)
    i.HAL_TIM_PWM_Start                      0x0800199c   Section        0  stm32f4xx_hal_tim.o(i.HAL_TIM_PWM_Start)
    i.HAL_UARTEx_RxEventCallback             0x08001a64   Section        0  stm32f4xx_hal_uart.o(i.HAL_UARTEx_RxEventCallback)
    i.HAL_UART_DMAStop                       0x08001a66   Section        0  stm32f4xx_hal_uart.o(i.HAL_UART_DMAStop)
    i.HAL_UART_ErrorCallback                 0x08001ad6   Section        0  stm32f4xx_hal_uart.o(i.HAL_UART_ErrorCallback)
    i.HAL_UART_IRQHandler                    0x08001ad8   Section        0  stm32f4xx_hal_uart.o(i.HAL_UART_IRQHandler)
    i.HAL_UART_Init                          0x08001d48   Section        0  stm32f4xx_hal_uart.o(i.HAL_UART_Init)
    i.HAL_UART_MspInit                       0x08001dac   Section        0  usart.o(i.HAL_UART_MspInit)
    i.HAL_UART_Receive_DMA                   0x08001ff0   Section        0  stm32f4xx_hal_uart.o(i.HAL_UART_Receive_DMA)
    i.HAL_UART_RxCpltCallback                0x0800200c   Section        0  stm32f4xx_hal_uart.o(i.HAL_UART_RxCpltCallback)
    i.HAL_UART_RxHalfCpltCallback            0x0800200e   Section        0  stm32f4xx_hal_uart.o(i.HAL_UART_RxHalfCpltCallback)
    i.HAL_UART_Transmit                      0x08002010   Section        0  stm32f4xx_hal_uart.o(i.HAL_UART_Transmit)
    i.HAL_UART_Transmit_DMA                  0x080020b0   Section        0  stm32f4xx_hal_uart.o(i.HAL_UART_Transmit_DMA)
    i.HAL_UART_TxCpltCallback                0x08002128   Section        0  stm32f4xx_hal_uart.o(i.HAL_UART_TxCpltCallback)
    i.HAL_UART_TxHalfCpltCallback            0x0800212a   Section        0  stm32f4xx_hal_uart.o(i.HAL_UART_TxHalfCpltCallback)
    i.HardFault_Handler                      0x0800212c   Section        0  stm32f4xx_it.o(i.HardFault_Handler)
    i.MX_DMA_Init                            0x08002130   Section        0  dma.o(i.MX_DMA_Init)
    i.MX_GPIO_Init                           0x0800218c   Section        0  gpio.o(i.MX_GPIO_Init)
    i.MX_TIM3_Init                           0x08002228   Section        0  tim.o(i.MX_TIM3_Init)
    i.MX_TIM4_Init                           0x080022d0   Section        0  tim.o(i.MX_TIM4_Init)
    i.MX_USART1_UART_Init                    0x08002388   Section        0  usart.o(i.MX_USART1_UART_Init)
    i.MX_USART2_UART_Init                    0x080023c0   Section        0  usart.o(i.MX_USART2_UART_Init)
    i.MX_USART3_UART_Init                    0x080023f8   Section        0  usart.o(i.MX_USART3_UART_Init)
    i.MX_USART6_UART_Init                    0x08002430   Section        0  usart.o(i.MX_USART6_UART_Init)
    i.MemManage_Handler                      0x08002468   Section        0  stm32f4xx_it.o(i.MemManage_Handler)
    i.NMI_Handler                            0x0800246a   Section        0  stm32f4xx_it.o(i.NMI_Handler)
    i.PendSV_Handler                         0x0800246c   Section        0  stm32f4xx_it.o(i.PendSV_Handler)
    i.SVC_Handler                            0x0800246e   Section        0  stm32f4xx_it.o(i.SVC_Handler)
    i.SysTick_Handler                        0x08002470   Section        0  stm32f4xx_it.o(i.SysTick_Handler)
    i.SystemClock_Config                     0x08002474   Section        0  main.o(i.SystemClock_Config)
    i.SystemInit                             0x08002508   Section        0  system_stm32f4xx.o(i.SystemInit)
    i.TIM_Base_SetConfig                     0x08002518   Section        0  stm32f4xx_hal_tim.o(i.TIM_Base_SetConfig)
    i.TIM_CCxChannelCmd                      0x080025f0   Section        0  stm32f4xx_hal_tim.o(i.TIM_CCxChannelCmd)
    i.TIM_ETR_SetConfig                      0x0800260a   Section        0  stm32f4xx_hal_tim.o(i.TIM_ETR_SetConfig)
    i.TIM_ITRx_SetConfig                     0x0800261e   Section        0  stm32f4xx_hal_tim.o(i.TIM_ITRx_SetConfig)
    TIM_ITRx_SetConfig                       0x0800261f   Thumb Code    16  stm32f4xx_hal_tim.o(i.TIM_ITRx_SetConfig)
    i.TIM_OC1_SetConfig                      0x08002630   Section        0  stm32f4xx_hal_tim.o(i.TIM_OC1_SetConfig)
    TIM_OC1_SetConfig                        0x08002631   Thumb Code    88  stm32f4xx_hal_tim.o(i.TIM_OC1_SetConfig)
    i.TIM_OC2_SetConfig                      0x08002690   Section        0  stm32f4xx_hal_tim.o(i.TIM_OC2_SetConfig)
    i.TIM_OC3_SetConfig                      0x080026fc   Section        0  stm32f4xx_hal_tim.o(i.TIM_OC3_SetConfig)
    TIM_OC3_SetConfig                        0x080026fd   Thumb Code    96  stm32f4xx_hal_tim.o(i.TIM_OC3_SetConfig)
    i.TIM_OC4_SetConfig                      0x08002764   Section        0  stm32f4xx_hal_tim.o(i.TIM_OC4_SetConfig)
    TIM_OC4_SetConfig                        0x08002765   Thumb Code    70  stm32f4xx_hal_tim.o(i.TIM_OC4_SetConfig)
    i.TIM_TI1_ConfigInputStage               0x080027b4   Section        0  stm32f4xx_hal_tim.o(i.TIM_TI1_ConfigInputStage)
    TIM_TI1_ConfigInputStage                 0x080027b5   Thumb Code    34  stm32f4xx_hal_tim.o(i.TIM_TI1_ConfigInputStage)
    i.TIM_TI2_ConfigInputStage               0x080027d6   Section        0  stm32f4xx_hal_tim.o(i.TIM_TI2_ConfigInputStage)
    TIM_TI2_ConfigInputStage                 0x080027d7   Thumb Code    36  stm32f4xx_hal_tim.o(i.TIM_TI2_ConfigInputStage)
    i.UART_DMAAbortOnError                   0x080027fa   Section        0  stm32f4xx_hal_uart.o(i.UART_DMAAbortOnError)
    UART_DMAAbortOnError                     0x080027fb   Thumb Code    16  stm32f4xx_hal_uart.o(i.UART_DMAAbortOnError)
    i.UART_DMAError                          0x0800280a   Section        0  stm32f4xx_hal_uart.o(i.UART_DMAError)
    UART_DMAError                            0x0800280b   Thumb Code    74  stm32f4xx_hal_uart.o(i.UART_DMAError)
    i.UART_DMAReceiveCplt                    0x08002854   Section        0  stm32f4xx_hal_uart.o(i.UART_DMAReceiveCplt)
    UART_DMAReceiveCplt                      0x08002855   Thumb Code   134  stm32f4xx_hal_uart.o(i.UART_DMAReceiveCplt)
    i.UART_DMARxHalfCplt                     0x080028da   Section        0  stm32f4xx_hal_uart.o(i.UART_DMARxHalfCplt)
    UART_DMARxHalfCplt                       0x080028db   Thumb Code    30  stm32f4xx_hal_uart.o(i.UART_DMARxHalfCplt)
    i.UART_DMATransmitCplt                   0x080028f8   Section        0  stm32f4xx_hal_uart.o(i.UART_DMATransmitCplt)
    UART_DMATransmitCplt                     0x080028f9   Thumb Code    66  stm32f4xx_hal_uart.o(i.UART_DMATransmitCplt)
    i.UART_DMATxHalfCplt                     0x0800293a   Section        0  stm32f4xx_hal_uart.o(i.UART_DMATxHalfCplt)
    UART_DMATxHalfCplt                       0x0800293b   Thumb Code    10  stm32f4xx_hal_uart.o(i.UART_DMATxHalfCplt)
    i.UART_EndRxTransfer                     0x08002944   Section        0  stm32f4xx_hal_uart.o(i.UART_EndRxTransfer)
    UART_EndRxTransfer                       0x08002945   Thumb Code    78  stm32f4xx_hal_uart.o(i.UART_EndRxTransfer)
    i.UART_EndTxTransfer                     0x08002992   Section        0  stm32f4xx_hal_uart.o(i.UART_EndTxTransfer)
    UART_EndTxTransfer                       0x08002993   Thumb Code    28  stm32f4xx_hal_uart.o(i.UART_EndTxTransfer)
    i.UART_Receive_IT                        0x080029ae   Section        0  stm32f4xx_hal_uart.o(i.UART_Receive_IT)
    UART_Receive_IT                          0x080029af   Thumb Code   194  stm32f4xx_hal_uart.o(i.UART_Receive_IT)
    i.UART_SetConfig                         0x08002a70   Section        0  stm32f4xx_hal_uart.o(i.UART_SetConfig)
    UART_SetConfig                           0x08002a71   Thumb Code   258  stm32f4xx_hal_uart.o(i.UART_SetConfig)
    i.UART_Start_Receive_DMA                 0x08002b7c   Section        0  stm32f4xx_hal_uart.o(i.UART_Start_Receive_DMA)
    i.UART_WaitOnFlagUntilTimeout            0x08002c0c   Section        0  stm32f4xx_hal_uart.o(i.UART_WaitOnFlagUntilTimeout)
    UART_WaitOnFlagUntilTimeout              0x08002c0d   Thumb Code   114  stm32f4xx_hal_uart.o(i.UART_WaitOnFlagUntilTimeout)
    i.USART1_IRQHandler                      0x08002c80   Section        0  stm32f4xx_it.o(i.USART1_IRQHandler)
    i.USART2_IRQHandler                      0x08002c8c   Section        0  stm32f4xx_it.o(i.USART2_IRQHandler)
    i.USART3_IRQHandler                      0x08002ccc   Section        0  stm32f4xx_it.o(i.USART3_IRQHandler)
    i.USART6_IRQHandler                      0x08002d20   Section        0  stm32f4xx_it.o(i.USART6_IRQHandler)
    i.UsageFault_Handler                     0x08002d74   Section        0  stm32f4xx_it.o(i.UsageFault_Handler)
    i.__0printf                              0x08002d78   Section        0  printfa.o(i.__0printf)
    i.__0snprintf                            0x08002d98   Section        0  printfa.o(i.__0snprintf)
    i.__0vsnprintf                           0x08002dcc   Section        0  printfa.o(i.__0vsnprintf)
    i.__NVIC_SetPriority                     0x08002e00   Section        0  stm32f4xx_hal_cortex.o(i.__NVIC_SetPriority)
    __NVIC_SetPriority                       0x08002e01   Thumb Code    32  stm32f4xx_hal_cortex.o(i.__NVIC_SetPriority)
    i.__scatterload_copy                     0x08002e20   Section       14  handlers.o(i.__scatterload_copy)
    i.__scatterload_null                     0x08002e2e   Section        2  handlers.o(i.__scatterload_null)
    i.__scatterload_zeroinit                 0x08002e30   Section       14  handlers.o(i.__scatterload_zeroinit)
    i._fp_digits                             0x08002e40   Section        0  printfa.o(i._fp_digits)
    _fp_digits                               0x08002e41   Thumb Code   366  printfa.o(i._fp_digits)
    i._printf_core                           0x08002fc4   Section        0  printfa.o(i._printf_core)
    _printf_core                             0x08002fc5   Thumb Code  1704  printfa.o(i._printf_core)
    i._printf_post_padding                   0x08003678   Section        0  printfa.o(i._printf_post_padding)
    _printf_post_padding                     0x08003679   Thumb Code    36  printfa.o(i._printf_post_padding)
    i._printf_pre_padding                    0x0800369c   Section        0  printfa.o(i._printf_pre_padding)
    _printf_pre_padding                      0x0800369d   Thumb Code    46  printfa.o(i._printf_pre_padding)
    i._snputc                                0x080036ca   Section        0  printfa.o(i._snputc)
    _snputc                                  0x080036cb   Thumb Code    22  printfa.o(i._snputc)
    i.deg2PWM_aoa_l                          0x080036e0   Section        0  main.o(i.deg2PWM_aoa_l)
    i.deg2PWM_aoa_r                          0x08003744   Section        0  main.o(i.deg2PWM_aoa_r)
    i.deg2PWM_l                              0x080037a8   Section        0  main.o(i.deg2PWM_l)
    i.deg2PWM_r                              0x0800380c   Section        0  main.o(i.deg2PWM_r)
    i.fputc                                  0x08003864   Section        0  main.o(i.fputc)
    i.hipnuc_crc16                           0x0800387c   Section        0  hipnuc_dec.o(i.hipnuc_crc16)
    hipnuc_crc16                             0x0800387d   Thumb Code    46  hipnuc_dec.o(i.hipnuc_crc16)
    i.hipnuc_dump_packet                     0x080038ac   Section        0  hipnuc_dec.o(i.hipnuc_dump_packet)
    i.hipnuc_input                           0x08003fbc   Section        0  hipnuc_dec.o(i.hipnuc_input)
    i.main                                   0x08004044   Section        0  main.o(i.main)
    i.parse_ctrl                             0x080041cc   Section        0  main.o(i.parse_ctrl)
    i.parse_data                             0x08004e54   Section        0  hipnuc_dec.o(i.parse_data)
    parse_data                               0x08004e55   Thumb Code   522  hipnuc_dec.o(i.parse_data)
    i.print_message                          0x08005068   Section        0  main.o(i.print_message)
    i.process_data                           0x08005338   Section        0  main.o(i.process_data)
    process_data                             0x08005339   Thumb Code   112  main.o(i.process_data)
    i.uart2_printf                           0x080053d4   Section        0  main.o(i.uart2_printf)
    .constdata                               0x08005408   Section        8  stm32f4xx_hal_dma.o(.constdata)
    flagBitshiftOffset                       0x08005408   Data           8  stm32f4xx_hal_dma.o(.constdata)
    .constdata                               0x08005410   Section       16  system_stm32f4xx.o(.constdata)
    .constdata                               0x08005420   Section        8  system_stm32f4xx.o(.constdata)
    .conststring                             0x08005428   Section      107  main.o(.conststring)
    .conststring                             0x08005494   Section     1178  hipnuc_dec.o(.conststring)
    .data                                    0x20000000   Section       68  main.o(.data)
    .data                                    0x20000044   Section        1  usart.o(.data)
    .data                                    0x20000045   Section        1  usart.o(.data)
    .data                                    0x20000048   Section       12  stm32f4xx_hal.o(.data)
    .data                                    0x20000054   Section        4  system_stm32f4xx.o(.data)
    .data                                    0x20000058   Section        4  stdout.o(.data)
    .bss                                     0x2000005c   Section       16  main.o(.bss)
    .bss                                     0x2000006c   Section     2540  main.o(.bss)
    hipnuc_raw                               0x2000006c   Data         492  main.o(.bss)
    log_buf                                  0x20000258   Data        1024  main.o(.bss)
    .bss                                     0x20000a58   Section      144  tim.o(.bss)
    .bss                                     0x20000ae8   Section      255  usart.o(.bss)
    .bss                                     0x20000be8   Section      672  usart.o(.bss)
    STACK                                    0x20000e88   Section     1024  startup_stm32f407xx.o(STACK)

    Global Symbols

    Symbol Name                              Value     Ov Type        Size  Object(Section)

    BuildAttributes$$THM_ISAv4$E$P$D$K$B$S$7EM$VFPi3$EXTD16$VFPS$VFMA$PE$A:L22UL41UL21$X:L11$S22US41US21$IEEE1$IW$USESV6$~STKCKD$USESV7$~SHL$OTIME$ROPI$IEEEJ$EBA8$MICROLIB$REQ8$PRES8$EABIv2 0x00000000   Number         0  anon$$obj.o ABSOLUTE
    __ARM_use_no_argv                        0x00000000   Number         0  main.o ABSOLUTE
    _printf_a                                0x00000000   Number         0  stubs.o ABSOLUTE
    _printf_c                                0x00000000   Number         0  stubs.o ABSOLUTE
    _printf_charcount                        0x00000000   Number         0  stubs.o ABSOLUTE
    _printf_d                                0x00000000   Number         0  stubs.o ABSOLUTE
    _printf_e                                0x00000000   Number         0  stubs.o ABSOLUTE
    _printf_f                                0x00000000   Number         0  stubs.o ABSOLUTE
    _printf_flags                            0x00000000   Number         0  stubs.o ABSOLUTE
    _printf_fp_dec                           0x00000000   Number         0  stubs.o ABSOLUTE
    _printf_fp_hex                           0x00000000   Number         0  stubs.o ABSOLUTE
    _printf_g                                0x00000000   Number         0  stubs.o ABSOLUTE
    _printf_i                                0x00000000   Number         0  stubs.o ABSOLUTE
    _printf_int_dec                          0x00000000   Number         0  stubs.o ABSOLUTE
    _printf_l                                0x00000000   Number         0  stubs.o ABSOLUTE
    _printf_lc                               0x00000000   Number         0  stubs.o ABSOLUTE
    _printf_ll                               0x00000000   Number         0  stubs.o ABSOLUTE
    _printf_lld                              0x00000000   Number         0  stubs.o ABSOLUTE
    _printf_lli                              0x00000000   Number         0  stubs.o ABSOLUTE
    _printf_llo                              0x00000000   Number         0  stubs.o ABSOLUTE
    _printf_llu                              0x00000000   Number         0  stubs.o ABSOLUTE
    _printf_llx                              0x00000000   Number         0  stubs.o ABSOLUTE
    _printf_longlong_dec                     0x00000000   Number         0  stubs.o ABSOLUTE
    _printf_longlong_hex                     0x00000000   Number         0  stubs.o ABSOLUTE
    _printf_longlong_oct                     0x00000000   Number         0  stubs.o ABSOLUTE
    _printf_ls                               0x00000000   Number         0  stubs.o ABSOLUTE
    _printf_mbtowc                           0x00000000   Number         0  stubs.o ABSOLUTE
    _printf_n                                0x00000000   Number         0  stubs.o ABSOLUTE
    _printf_o                                0x00000000   Number         0  stubs.o ABSOLUTE
    _printf_p                                0x00000000   Number         0  stubs.o ABSOLUTE
    _printf_percent                          0x00000000   Number         0  stubs.o ABSOLUTE
    _printf_pre_padding                      0x00000000   Number         0  stubs.o ABSOLUTE
    _printf_return_value                     0x00000000   Number         0  stubs.o ABSOLUTE
    _printf_s                                0x00000000   Number         0  stubs.o ABSOLUTE
    _printf_sizespec                         0x00000000   Number         0  stubs.o ABSOLUTE
    _printf_str                              0x00000000   Number         0  stubs.o ABSOLUTE
    _printf_truncate_signed                  0x00000000   Number         0  stubs.o ABSOLUTE
    _printf_truncate_unsigned                0x00000000   Number         0  stubs.o ABSOLUTE
    _printf_u                                0x00000000   Number         0  stubs.o ABSOLUTE
    _printf_wc                               0x00000000   Number         0  stubs.o ABSOLUTE
    _printf_wctomb                           0x00000000   Number         0  stubs.o ABSOLUTE
    _printf_widthprec                        0x00000000   Number         0  stubs.o ABSOLUTE
    _printf_x                                0x00000000   Number         0  stubs.o ABSOLUTE
    __arm_fini_                               - Undefined Weak Reference
    __cpp_initialize__aeabi_                  - Undefined Weak Reference
    __cxa_finalize                            - Undefined Weak Reference
    __decompress                              - Undefined Weak Reference
    _clock_init                               - Undefined Weak Reference
    _microlib_exit                            - Undefined Weak Reference
    __Vectors_Size                           0x00000188   Number         0  startup_stm32f407xx.o ABSOLUTE
    __Vectors                                0x08000000   Data           4  startup_stm32f407xx.o(RESET)
    __Vectors_End                            0x08000188   Data           0  startup_stm32f407xx.o(RESET)
    __main                                   0x08000189   Thumb Code     0  entry.o(.ARM.Collect$$$$00000000)
    _main_stk                                0x08000189   Thumb Code     0  entry2.o(.ARM.Collect$$$$00000001)
    _main_scatterload                        0x0800018d   Thumb Code     0  entry5.o(.ARM.Collect$$$$00000004)
    __main_after_scatterload                 0x08000191   Thumb Code     0  entry5.o(.ARM.Collect$$$$00000004)
    _main_clock                              0x08000191   Thumb Code     0  entry7b.o(.ARM.Collect$$$$00000008)
    _main_cpp_init                           0x08000191   Thumb Code     0  entry8b.o(.ARM.Collect$$$$0000000A)
    _main_init                               0x08000191   Thumb Code     0  entry9a.o(.ARM.Collect$$$$0000000B)
    __rt_lib_shutdown_fini                   0x08000199   Thumb Code     0  entry12b.o(.ARM.Collect$$$$0000000E)
    __rt_final_cpp                           0x0800019d   Thumb Code     0  entry10a.o(.ARM.Collect$$$$0000000F)
    __rt_final_exit                          0x0800019d   Thumb Code     0  entry11a.o(.ARM.Collect$$$$00000011)
    Reset_Handler                            0x080001a1   Thumb Code     8  startup_stm32f407xx.o(.text)
    ADC_IRQHandler                           0x080001bb   Thumb Code     0  startup_stm32f407xx.o(.text)
    CAN1_RX0_IRQHandler                      0x080001bb   Thumb Code     0  startup_stm32f407xx.o(.text)
    CAN1_RX1_IRQHandler                      0x080001bb   Thumb Code     0  startup_stm32f407xx.o(.text)
    CAN1_SCE_IRQHandler                      0x080001bb   Thumb Code     0  startup_stm32f407xx.o(.text)
    CAN1_TX_IRQHandler                       0x080001bb   Thumb Code     0  startup_stm32f407xx.o(.text)
    CAN2_RX0_IRQHandler                      0x080001bb   Thumb Code     0  startup_stm32f407xx.o(.text)
    CAN2_RX1_IRQHandler                      0x080001bb   Thumb Code     0  startup_stm32f407xx.o(.text)
    CAN2_SCE_IRQHandler                      0x080001bb   Thumb Code     0  startup_stm32f407xx.o(.text)
    CAN2_TX_IRQHandler                       0x080001bb   Thumb Code     0  startup_stm32f407xx.o(.text)
    DCMI_IRQHandler                          0x080001bb   Thumb Code     0  startup_stm32f407xx.o(.text)
    DMA1_Stream0_IRQHandler                  0x080001bb   Thumb Code     0  startup_stm32f407xx.o(.text)
    DMA1_Stream2_IRQHandler                  0x080001bb   Thumb Code     0  startup_stm32f407xx.o(.text)
    DMA1_Stream4_IRQHandler                  0x080001bb   Thumb Code     0  startup_stm32f407xx.o(.text)
    DMA1_Stream7_IRQHandler                  0x080001bb   Thumb Code     0  startup_stm32f407xx.o(.text)
    DMA2_Stream0_IRQHandler                  0x080001bb   Thumb Code     0  startup_stm32f407xx.o(.text)
    DMA2_Stream1_IRQHandler                  0x080001bb   Thumb Code     0  startup_stm32f407xx.o(.text)
    DMA2_Stream2_IRQHandler                  0x080001bb   Thumb Code     0  startup_stm32f407xx.o(.text)
    DMA2_Stream3_IRQHandler                  0x080001bb   Thumb Code     0  startup_stm32f407xx.o(.text)
    DMA2_Stream4_IRQHandler                  0x080001bb   Thumb Code     0  startup_stm32f407xx.o(.text)
    DMA2_Stream5_IRQHandler                  0x080001bb   Thumb Code     0  startup_stm32f407xx.o(.text)
    DMA2_Stream6_IRQHandler                  0x080001bb   Thumb Code     0  startup_stm32f407xx.o(.text)
    DMA2_Stream7_IRQHandler                  0x080001bb   Thumb Code     0  startup_stm32f407xx.o(.text)
    ETH_IRQHandler                           0x080001bb   Thumb Code     0  startup_stm32f407xx.o(.text)
    ETH_WKUP_IRQHandler                      0x080001bb   Thumb Code     0  startup_stm32f407xx.o(.text)
    EXTI0_IRQHandler                         0x080001bb   Thumb Code     0  startup_stm32f407xx.o(.text)
    EXTI15_10_IRQHandler                     0x080001bb   Thumb Code     0  startup_stm32f407xx.o(.text)
    EXTI1_IRQHandler                         0x080001bb   Thumb Code     0  startup_stm32f407xx.o(.text)
    EXTI2_IRQHandler                         0x080001bb   Thumb Code     0  startup_stm32f407xx.o(.text)
    EXTI3_IRQHandler                         0x080001bb   Thumb Code     0  startup_stm32f407xx.o(.text)
    EXTI4_IRQHandler                         0x080001bb   Thumb Code     0  startup_stm32f407xx.o(.text)
    EXTI9_5_IRQHandler                       0x080001bb   Thumb Code     0  startup_stm32f407xx.o(.text)
    FLASH_IRQHandler                         0x080001bb   Thumb Code     0  startup_stm32f407xx.o(.text)
    FMC_IRQHandler                           0x080001bb   Thumb Code     0  startup_stm32f407xx.o(.text)
    FPU_IRQHandler                           0x080001bb   Thumb Code     0  startup_stm32f407xx.o(.text)
    HASH_RNG_IRQHandler                      0x080001bb   Thumb Code     0  startup_stm32f407xx.o(.text)
    I2C1_ER_IRQHandler                       0x080001bb   Thumb Code     0  startup_stm32f407xx.o(.text)
    I2C1_EV_IRQHandler                       0x080001bb   Thumb Code     0  startup_stm32f407xx.o(.text)
    I2C2_ER_IRQHandler                       0x080001bb   Thumb Code     0  startup_stm32f407xx.o(.text)
    I2C2_EV_IRQHandler                       0x080001bb   Thumb Code     0  startup_stm32f407xx.o(.text)
    I2C3_ER_IRQHandler                       0x080001bb   Thumb Code     0  startup_stm32f407xx.o(.text)
    I2C3_EV_IRQHandler                       0x080001bb   Thumb Code     0  startup_stm32f407xx.o(.text)
    OTG_FS_IRQHandler                        0x080001bb   Thumb Code     0  startup_stm32f407xx.o(.text)
    OTG_FS_WKUP_IRQHandler                   0x080001bb   Thumb Code     0  startup_stm32f407xx.o(.text)
    OTG_HS_EP1_IN_IRQHandler                 0x080001bb   Thumb Code     0  startup_stm32f407xx.o(.text)
    OTG_HS_EP1_OUT_IRQHandler                0x080001bb   Thumb Code     0  startup_stm32f407xx.o(.text)
    OTG_HS_IRQHandler                        0x080001bb   Thumb Code     0  startup_stm32f407xx.o(.text)
    OTG_HS_WKUP_IRQHandler                   0x080001bb   Thumb Code     0  startup_stm32f407xx.o(.text)
    PVD_IRQHandler                           0x080001bb   Thumb Code     0  startup_stm32f407xx.o(.text)
    RCC_IRQHandler                           0x080001bb   Thumb Code     0  startup_stm32f407xx.o(.text)
    RTC_Alarm_IRQHandler                     0x080001bb   Thumb Code     0  startup_stm32f407xx.o(.text)
    RTC_WKUP_IRQHandler                      0x080001bb   Thumb Code     0  startup_stm32f407xx.o(.text)
    SDIO_IRQHandler                          0x080001bb   Thumb Code     0  startup_stm32f407xx.o(.text)
    SPI1_IRQHandler                          0x080001bb   Thumb Code     0  startup_stm32f407xx.o(.text)
    SPI2_IRQHandler                          0x080001bb   Thumb Code     0  startup_stm32f407xx.o(.text)
    SPI3_IRQHandler                          0x080001bb   Thumb Code     0  startup_stm32f407xx.o(.text)
    TAMP_STAMP_IRQHandler                    0x080001bb   Thumb Code     0  startup_stm32f407xx.o(.text)
    TIM1_BRK_TIM9_IRQHandler                 0x080001bb   Thumb Code     0  startup_stm32f407xx.o(.text)
    TIM1_CC_IRQHandler                       0x080001bb   Thumb Code     0  startup_stm32f407xx.o(.text)
    TIM1_TRG_COM_TIM11_IRQHandler            0x080001bb   Thumb Code     0  startup_stm32f407xx.o(.text)
    TIM1_UP_TIM10_IRQHandler                 0x080001bb   Thumb Code     0  startup_stm32f407xx.o(.text)
    TIM2_IRQHandler                          0x080001bb   Thumb Code     0  startup_stm32f407xx.o(.text)
    TIM3_IRQHandler                          0x080001bb   Thumb Code     0  startup_stm32f407xx.o(.text)
    TIM4_IRQHandler                          0x080001bb   Thumb Code     0  startup_stm32f407xx.o(.text)
    TIM5_IRQHandler                          0x080001bb   Thumb Code     0  startup_stm32f407xx.o(.text)
    TIM6_DAC_IRQHandler                      0x080001bb   Thumb Code     0  startup_stm32f407xx.o(.text)
    TIM7_IRQHandler                          0x080001bb   Thumb Code     0  startup_stm32f407xx.o(.text)
    TIM8_BRK_TIM12_IRQHandler                0x080001bb   Thumb Code     0  startup_stm32f407xx.o(.text)
    TIM8_CC_IRQHandler                       0x080001bb   Thumb Code     0  startup_stm32f407xx.o(.text)
    TIM8_TRG_COM_TIM14_IRQHandler            0x080001bb   Thumb Code     0  startup_stm32f407xx.o(.text)
    TIM8_UP_TIM13_IRQHandler                 0x080001bb   Thumb Code     0  startup_stm32f407xx.o(.text)
    UART4_IRQHandler                         0x080001bb   Thumb Code     0  startup_stm32f407xx.o(.text)
    UART5_IRQHandler                         0x080001bb   Thumb Code     0  startup_stm32f407xx.o(.text)
    WWDG_IRQHandler                          0x080001bb   Thumb Code     0  startup_stm32f407xx.o(.text)
    __aeabi_uldivmod                         0x080001c5   Thumb Code    98  uldiv.o(.text)
    __aeabi_memcpy                           0x08000227   Thumb Code    36  memcpya.o(.text)
    __aeabi_memcpy4                          0x08000227   Thumb Code     0  memcpya.o(.text)
    __aeabi_memcpy8                          0x08000227   Thumb Code     0  memcpya.o(.text)
    __aeabi_memset                           0x0800024b   Thumb Code    14  memseta.o(.text)
    __aeabi_memset4                          0x0800024b   Thumb Code     0  memseta.o(.text)
    __aeabi_memset8                          0x0800024b   Thumb Code     0  memseta.o(.text)
    __aeabi_memclr                           0x08000259   Thumb Code     4  memseta.o(.text)
    __aeabi_memclr4                          0x08000259   Thumb Code     0  memseta.o(.text)
    __aeabi_memclr8                          0x08000259   Thumb Code     0  memseta.o(.text)
    _memset$wrapper                          0x0800025d   Thumb Code    18  memseta.o(.text)
    __aeabi_dadd                             0x0800026f   Thumb Code   322  dadd.o(.text)
    __aeabi_dsub                             0x080003b1   Thumb Code     6  dadd.o(.text)
    __aeabi_drsub                            0x080003b7   Thumb Code     6  dadd.o(.text)
    __aeabi_dmul                             0x080003bd   Thumb Code   228  dmul.o(.text)
    __aeabi_ddiv                             0x080004a1   Thumb Code   222  ddiv.o(.text)
    __aeabi_i2d                              0x0800057f   Thumb Code    34  dflti.o(.text)
    __aeabi_ui2d                             0x080005a1   Thumb Code    26  dfltui.o(.text)
    __aeabi_d2uiz                            0x080005bb   Thumb Code    50  dfixui.o(.text)
    __aeabi_f2d                              0x080005ed   Thumb Code    38  f2d.o(.text)
    __aeabi_cdrcmple                         0x08000615   Thumb Code    48  cdrcmple.o(.text)
    __aeabi_uidiv                            0x08000645   Thumb Code     0  uidiv.o(.text)
    __aeabi_uidivmod                         0x08000645   Thumb Code    44  uidiv.o(.text)
    __aeabi_llsl                             0x08000671   Thumb Code    30  llshl.o(.text)
    _ll_shift_l                              0x08000671   Thumb Code     0  llshl.o(.text)
    __aeabi_llsr                             0x0800068f   Thumb Code    32  llushr.o(.text)
    _ll_ushift_r                             0x0800068f   Thumb Code     0  llushr.o(.text)
    __aeabi_lasr                             0x080006af   Thumb Code    36  llsshr.o(.text)
    _ll_sshift_r                             0x080006af   Thumb Code     0  llsshr.o(.text)
    __I$use$fp                               0x080006d3   Thumb Code     0  iusefp.o(.text)
    _double_round                            0x080006d3   Thumb Code    30  depilogue.o(.text)
    _double_epilogue                         0x080006f1   Thumb Code   156  depilogue.o(.text)
    __aeabi_d2ulz                            0x0800078d   Thumb Code    48  dfixul.o(.text)
    __scatterload                            0x080007bd   Thumb Code    28  init.o(.text)
    __scatterload_rt2                        0x080007bd   Thumb Code     0  init.o(.text)
    BusFault_Handler                         0x080007e1   Thumb Code     2  stm32f4xx_it.o(i.BusFault_Handler)
    DMA1_Stream1_IRQHandler                  0x080007e5   Thumb Code     6  stm32f4xx_it.o(i.DMA1_Stream1_IRQHandler)
    DMA1_Stream3_IRQHandler                  0x080007f1   Thumb Code     6  stm32f4xx_it.o(i.DMA1_Stream3_IRQHandler)
    DMA1_Stream5_IRQHandler                  0x080007fd   Thumb Code     6  stm32f4xx_it.o(i.DMA1_Stream5_IRQHandler)
    DMA1_Stream6_IRQHandler                  0x08000809   Thumb Code     6  stm32f4xx_it.o(i.DMA1_Stream6_IRQHandler)
    DebugMon_Handler                         0x080008b9   Thumb Code     2  stm32f4xx_it.o(i.DebugMon_Handler)
    Emm_V5_Pos_Control                       0x080008bd   Thumb Code    60  emm_v5.o(i.Emm_V5_Pos_Control)
    Emm_V5_Read_Sys_Params                   0x08000901   Thumb Code   116  emm_v5.o(i.Emm_V5_Read_Sys_Params)
    Error_Handler                            0x0800097d   Thumb Code     4  main.o(i.Error_Handler)
    HAL_DMA_Abort                            0x08000981   Thumb Code   146  stm32f4xx_hal_dma.o(i.HAL_DMA_Abort)
    HAL_DMA_Abort_IT                         0x08000a13   Thumb Code    36  stm32f4xx_hal_dma.o(i.HAL_DMA_Abort_IT)
    HAL_DMA_IRQHandler                       0x08000a39   Thumb Code   412  stm32f4xx_hal_dma.o(i.HAL_DMA_IRQHandler)
    HAL_DMA_Init                             0x08000bd9   Thumb Code   206  stm32f4xx_hal_dma.o(i.HAL_DMA_Init)
    HAL_DMA_Start_IT                         0x08000cad   Thumb Code   110  stm32f4xx_hal_dma.o(i.HAL_DMA_Start_IT)
    HAL_Delay                                0x08000d1d   Thumb Code    32  stm32f4xx_hal.o(i.HAL_Delay)
    HAL_GPIO_Init                            0x08000d41   Thumb Code   450  stm32f4xx_hal_gpio.o(i.HAL_GPIO_Init)
    HAL_GPIO_WritePin                        0x08000f31   Thumb Code    10  stm32f4xx_hal_gpio.o(i.HAL_GPIO_WritePin)
    HAL_GetTick                              0x08000f3d   Thumb Code     6  stm32f4xx_hal.o(i.HAL_GetTick)
    HAL_IncTick                              0x08000f49   Thumb Code    12  stm32f4xx_hal.o(i.HAL_IncTick)
    HAL_Init                                 0x08000f59   Thumb Code    48  stm32f4xx_hal.o(i.HAL_Init)
    HAL_InitTick                             0x08000f8d   Thumb Code    54  stm32f4xx_hal.o(i.HAL_InitTick)
    HAL_MspInit                              0x08000fcd   Thumb Code    42  stm32f4xx_hal_msp.o(i.HAL_MspInit)
    HAL_NVIC_EnableIRQ                       0x08000ffd   Thumb Code    26  stm32f4xx_hal_cortex.o(i.HAL_NVIC_EnableIRQ)
    HAL_NVIC_SetPriority                     0x08001019   Thumb Code    60  stm32f4xx_hal_cortex.o(i.HAL_NVIC_SetPriority)
    HAL_NVIC_SetPriorityGrouping             0x08001059   Thumb Code    26  stm32f4xx_hal_cortex.o(i.HAL_NVIC_SetPriorityGrouping)
    HAL_RCC_ClockConfig                      0x0800107d   Thumb Code   288  stm32f4xx_hal_rcc.o(i.HAL_RCC_ClockConfig)
    HAL_RCC_GetPCLK1Freq                     0x080011b1   Thumb Code    20  stm32f4xx_hal_rcc.o(i.HAL_RCC_GetPCLK1Freq)
    HAL_RCC_GetPCLK2Freq                     0x080011d1   Thumb Code    20  stm32f4xx_hal_rcc.o(i.HAL_RCC_GetPCLK2Freq)
    HAL_RCC_GetSysClockFreq                  0x080011f1   Thumb Code    88  stm32f4xx_hal_rcc.o(i.HAL_RCC_GetSysClockFreq)
    HAL_RCC_OscConfig                        0x08001255   Thumb Code   856  stm32f4xx_hal_rcc.o(i.HAL_RCC_OscConfig)
    HAL_SYSTICK_Config                       0x080015c1   Thumb Code    40  stm32f4xx_hal_cortex.o(i.HAL_SYSTICK_Config)
    HAL_TIMEx_MasterConfigSynchronization    0x080015e9   Thumb Code   116  stm32f4xx_hal_tim_ex.o(i.HAL_TIMEx_MasterConfigSynchronization)
    HAL_TIM_Base_Init                        0x08001679   Thumb Code    90  stm32f4xx_hal_tim.o(i.HAL_TIM_Base_Init)
    HAL_TIM_Base_MspInit                     0x080016d5   Thumb Code    52  tim.o(i.HAL_TIM_Base_MspInit)
    HAL_TIM_ConfigClockSource                0x08001715   Thumb Code   220  stm32f4xx_hal_tim.o(i.HAL_TIM_ConfigClockSource)
    HAL_TIM_MspPostInit                      0x080017f1   Thumb Code   110  tim.o(i.HAL_TIM_MspPostInit)
    HAL_TIM_PWM_ConfigChannel                0x08001875   Thumb Code   204  stm32f4xx_hal_tim.o(i.HAL_TIM_PWM_ConfigChannel)
    HAL_TIM_PWM_Init                         0x08001941   Thumb Code    90  stm32f4xx_hal_tim.o(i.HAL_TIM_PWM_Init)
    HAL_TIM_PWM_MspInit                      0x0800199b   Thumb Code     2  stm32f4xx_hal_tim.o(i.HAL_TIM_PWM_MspInit)
    HAL_TIM_PWM_Start                        0x0800199d   Thumb Code   172  stm32f4xx_hal_tim.o(i.HAL_TIM_PWM_Start)
    HAL_UARTEx_RxEventCallback               0x08001a65   Thumb Code     2  stm32f4xx_hal_uart.o(i.HAL_UARTEx_RxEventCallback)
    HAL_UART_DMAStop                         0x08001a67   Thumb Code   112  stm32f4xx_hal_uart.o(i.HAL_UART_DMAStop)
    HAL_UART_ErrorCallback                   0x08001ad7   Thumb Code     2  stm32f4xx_hal_uart.o(i.HAL_UART_ErrorCallback)
    HAL_UART_IRQHandler                      0x08001ad9   Thumb Code   618  stm32f4xx_hal_uart.o(i.HAL_UART_IRQHandler)
    HAL_UART_Init                            0x08001d49   Thumb Code   100  stm32f4xx_hal_uart.o(i.HAL_UART_Init)
    HAL_UART_MspInit                         0x08001dad   Thumb Code   534  usart.o(i.HAL_UART_MspInit)
    HAL_UART_Receive_DMA                     0x08001ff1   Thumb Code    28  stm32f4xx_hal_uart.o(i.HAL_UART_Receive_DMA)
    HAL_UART_RxCpltCallback                  0x0800200d   Thumb Code     2  stm32f4xx_hal_uart.o(i.HAL_UART_RxCpltCallback)
    HAL_UART_RxHalfCpltCallback              0x0800200f   Thumb Code     2  stm32f4xx_hal_uart.o(i.HAL_UART_RxHalfCpltCallback)
    HAL_UART_Transmit                        0x08002011   Thumb Code   160  stm32f4xx_hal_uart.o(i.HAL_UART_Transmit)
    HAL_UART_Transmit_DMA                    0x080020b1   Thumb Code   106  stm32f4xx_hal_uart.o(i.HAL_UART_Transmit_DMA)
    HAL_UART_TxCpltCallback                  0x08002129   Thumb Code     2  stm32f4xx_hal_uart.o(i.HAL_UART_TxCpltCallback)
    HAL_UART_TxHalfCpltCallback              0x0800212b   Thumb Code     2  stm32f4xx_hal_uart.o(i.HAL_UART_TxHalfCpltCallback)
    HardFault_Handler                        0x0800212d   Thumb Code     2  stm32f4xx_it.o(i.HardFault_Handler)
    MX_DMA_Init                              0x08002131   Thumb Code    88  dma.o(i.MX_DMA_Init)
    MX_GPIO_Init                             0x0800218d   Thumb Code   148  gpio.o(i.MX_GPIO_Init)
    MX_TIM3_Init                             0x08002229   Thumb Code   160  tim.o(i.MX_TIM3_Init)
    MX_TIM4_Init                             0x080022d1   Thumb Code   176  tim.o(i.MX_TIM4_Init)
    MX_USART1_UART_Init                      0x08002389   Thumb Code    48  usart.o(i.MX_USART1_UART_Init)
    MX_USART2_UART_Init                      0x080023c1   Thumb Code    48  usart.o(i.MX_USART2_UART_Init)
    MX_USART3_UART_Init                      0x080023f9   Thumb Code    48  usart.o(i.MX_USART3_UART_Init)
    MX_USART6_UART_Init                      0x08002431   Thumb Code    48  usart.o(i.MX_USART6_UART_Init)
    MemManage_Handler                        0x08002469   Thumb Code     2  stm32f4xx_it.o(i.MemManage_Handler)
    NMI_Handler                              0x0800246b   Thumb Code     2  stm32f4xx_it.o(i.NMI_Handler)
    PendSV_Handler                           0x0800246d   Thumb Code     2  stm32f4xx_it.o(i.PendSV_Handler)
    SVC_Handler                              0x0800246f   Thumb Code     2  stm32f4xx_it.o(i.SVC_Handler)
    SysTick_Handler                          0x08002471   Thumb Code     4  stm32f4xx_it.o(i.SysTick_Handler)
    SystemClock_Config                       0x08002475   Thumb Code   140  main.o(i.SystemClock_Config)
    SystemInit                               0x08002509   Thumb Code    12  system_stm32f4xx.o(i.SystemInit)
    TIM_Base_SetConfig                       0x08002519   Thumb Code   170  stm32f4xx_hal_tim.o(i.TIM_Base_SetConfig)
    TIM_CCxChannelCmd                        0x080025f1   Thumb Code    26  stm32f4xx_hal_tim.o(i.TIM_CCxChannelCmd)
    TIM_ETR_SetConfig                        0x0800260b   Thumb Code    20  stm32f4xx_hal_tim.o(i.TIM_ETR_SetConfig)
    TIM_OC2_SetConfig                        0x08002691   Thumb Code    98  stm32f4xx_hal_tim.o(i.TIM_OC2_SetConfig)
    UART_Start_Receive_DMA                   0x08002b7d   Thumb Code   130  stm32f4xx_hal_uart.o(i.UART_Start_Receive_DMA)
    USART1_IRQHandler                        0x08002c81   Thumb Code     6  stm32f4xx_it.o(i.USART1_IRQHandler)
    USART2_IRQHandler                        0x08002c8d   Thumb Code    52  stm32f4xx_it.o(i.USART2_IRQHandler)
    USART3_IRQHandler                        0x08002ccd   Thumb Code    66  stm32f4xx_it.o(i.USART3_IRQHandler)
    USART6_IRQHandler                        0x08002d21   Thumb Code    68  stm32f4xx_it.o(i.USART6_IRQHandler)
    UsageFault_Handler                       0x08002d75   Thumb Code     2  stm32f4xx_it.o(i.UsageFault_Handler)
    __0printf                                0x08002d79   Thumb Code    22  printfa.o(i.__0printf)
    __1printf                                0x08002d79   Thumb Code     0  printfa.o(i.__0printf)
    __2printf                                0x08002d79   Thumb Code     0  printfa.o(i.__0printf)
    __c89printf                              0x08002d79   Thumb Code     0  printfa.o(i.__0printf)
    printf                                   0x08002d79   Thumb Code     0  printfa.o(i.__0printf)
    __0snprintf                              0x08002d99   Thumb Code    48  printfa.o(i.__0snprintf)
    __1snprintf                              0x08002d99   Thumb Code     0  printfa.o(i.__0snprintf)
    __2snprintf                              0x08002d99   Thumb Code     0  printfa.o(i.__0snprintf)
    __c89snprintf                            0x08002d99   Thumb Code     0  printfa.o(i.__0snprintf)
    snprintf                                 0x08002d99   Thumb Code     0  printfa.o(i.__0snprintf)
    __0vsnprintf                             0x08002dcd   Thumb Code    46  printfa.o(i.__0vsnprintf)
    __1vsnprintf                             0x08002dcd   Thumb Code     0  printfa.o(i.__0vsnprintf)
    __2vsnprintf                             0x08002dcd   Thumb Code     0  printfa.o(i.__0vsnprintf)
    __c89vsnprintf                           0x08002dcd   Thumb Code     0  printfa.o(i.__0vsnprintf)
    vsnprintf                                0x08002dcd   Thumb Code     0  printfa.o(i.__0vsnprintf)
    __scatterload_copy                       0x08002e21   Thumb Code    14  handlers.o(i.__scatterload_copy)
    __scatterload_null                       0x08002e2f   Thumb Code     2  handlers.o(i.__scatterload_null)
    __scatterload_zeroinit                   0x08002e31   Thumb Code    14  handlers.o(i.__scatterload_zeroinit)
    deg2PWM_aoa_l                            0x080036e1   Thumb Code    66  main.o(i.deg2PWM_aoa_l)
    deg2PWM_aoa_r                            0x08003745   Thumb Code    66  main.o(i.deg2PWM_aoa_r)
    deg2PWM_l                                0x080037a9   Thumb Code    70  main.o(i.deg2PWM_l)
    deg2PWM_r                                0x0800380d   Thumb Code    62  main.o(i.deg2PWM_r)
    fputc                                    0x08003865   Thumb Code    20  main.o(i.fputc)
    hipnuc_dump_packet                       0x080038ad   Thumb Code  1796  hipnuc_dec.o(i.hipnuc_dump_packet)
    hipnuc_input                             0x08003fbd   Thumb Code   134  hipnuc_dec.o(i.hipnuc_input)
    main                                     0x08004045   Thumb Code   332  main.o(i.main)
    parse_ctrl                               0x080041cd   Thumb Code  2576  main.o(i.parse_ctrl)
    print_message                            0x08005069   Thumb Code   572  main.o(i.print_message)
    uart2_printf                             0x080053d5   Thumb Code    48  main.o(i.uart2_printf)
    AHBPrescTable                            0x08005410   Data          16  system_stm32f4xx.o(.constdata)
    APBPrescTable                            0x08005420   Data           8  system_stm32f4xx.o(.constdata)
    Region$$Table$$Base                      0x08005930   Number         0  anon$$obj.o(Region$$Table)
    Region$$Table$$Limit                     0x08005950   Number         0  anon$$obj.o(Region$$Table)
    new_imu_data_flag                        0x20000000   Data           1  main.o(.data)
    parse_ctrl_get                           0x20000001   Data           1  main.o(.data)
    buffer                                   0x20000002   Data           1  main.o(.data)
    cnt_b                                    0x20000004   Data           2  main.o(.data)
    uart_rx_index                            0x20000006   Data           2  main.o(.data)
    deg_l                                    0x20000008   Data           4  main.o(.data)
    deg_r                                    0x2000000c   Data           4  main.o(.data)
    aoa_deg_l                                0x20000010   Data           4  main.o(.data)
    aoa_deg_r                                0x20000014   Data           4  main.o(.data)
    deg2pulse                                0x20000018   Data           4  main.o(.data)
    Dpulse                                   0x2000001c   Data           4  main.o(.data)
    ml2pulse                                 0x20000020   Data           4  main.o(.data)
    mm2pulse                                 0x20000024   Data           4  main.o(.data)
    deg_id_1                                 0x20000028   Data           4  main.o(.data)
    mm_id_2                                  0x2000002c   Data           4  main.o(.data)
    ml_id_3                                  0x20000030   Data           4  main.o(.data)
    pos                                      0x20000034   Data           4  main.o(.data)
    Motor1_Cur_Pos                           0x20000038   Data           4  main.o(.data)
    Motor2_Cur_Pos                           0x2000003c   Data           4  main.o(.data)
    Motor3_Cur_Pos                           0x20000040   Data           4  main.o(.data)
    rxFrameFlag                              0x20000044   Data           1  usart.o(.data)
    rxCount                                  0x20000045   Data           1  usart.o(.data)
    uwTickFreq                               0x20000048   Data           1  stm32f4xx_hal.o(.data)
    uwTickPrio                               0x2000004c   Data           4  stm32f4xx_hal.o(.data)
    uwTick                                   0x20000050   Data           4  stm32f4xx_hal.o(.data)
    SystemCoreClock                          0x20000054   Data           4  system_stm32f4xx.o(.data)
    __stdout                                 0x20000058   Data           4  stdout.o(.data)
    cmd                                      0x2000005c   Data          16  main.o(.bss)
    uart_rx_buf                              0x20000658   Data        1024  main.o(.bss)
    htim3                                    0x20000a58   Data          72  tim.o(.bss)
    htim4                                    0x20000aa0   Data          72  tim.o(.bss)
    rxCmd                                    0x20000ae8   Data         255  usart.o(.bss)
    huart1                                   0x20000be8   Data          72  usart.o(.bss)
    huart2                                   0x20000c30   Data          72  usart.o(.bss)
    huart3                                   0x20000c78   Data          72  usart.o(.bss)
    huart6                                   0x20000cc0   Data          72  usart.o(.bss)
    hdma_usart2_rx                           0x20000d08   Data          96  usart.o(.bss)
    hdma_usart2_tx                           0x20000d68   Data          96  usart.o(.bss)
    hdma_usart3_rx                           0x20000dc8   Data          96  usart.o(.bss)
    hdma_usart3_tx                           0x20000e28   Data          96  usart.o(.bss)
    __initial_sp                             0x20001288   Data           0  startup_stm32f407xx.o(STACK)



==============================================================================

Memory Map of the image

  Image Entry point : 0x08000189

  Load Region LR_IROM1 (Base: 0x08000000, Size: 0x000059ac, Max: 0x00100000, ABSOLUTE)

    Execution Region ER_IROM1 (Exec base: 0x08000000, Load base: 0x08000000, Size: 0x00005950, Max: 0x00100000, ABSOLUTE)

    Exec Addr    Load Addr    Size         Type   Attr      Idx    E Section Name        Object

    0x08000000   0x08000000   0x00000188   Data   RO            3    RESET               startup_stm32f407xx.o
    0x08000188   0x08000188   0x00000000   Code   RO         3445  * .ARM.Collect$$$$00000000  mc_w.l(entry.o)
    0x08000188   0x08000188   0x00000004   Code   RO         3749    .ARM.Collect$$$$00000001  mc_w.l(entry2.o)
    0x0800018c   0x0800018c   0x00000004   Code   RO         3752    .ARM.Collect$$$$00000004  mc_w.l(entry5.o)
    0x08000190   0x08000190   0x00000000   Code   RO         3754    .ARM.Collect$$$$00000008  mc_w.l(entry7b.o)
    0x08000190   0x08000190   0x00000000   Code   RO         3756    .ARM.Collect$$$$0000000A  mc_w.l(entry8b.o)
    0x08000190   0x08000190   0x00000008   Code   RO         3757    .ARM.Collect$$$$0000000B  mc_w.l(entry9a.o)
    0x08000198   0x08000198   0x00000004   Code   RO         3764    .ARM.Collect$$$$0000000E  mc_w.l(entry12b.o)
    0x0800019c   0x0800019c   0x00000000   Code   RO         3759    .ARM.Collect$$$$0000000F  mc_w.l(entry10a.o)
    0x0800019c   0x0800019c   0x00000000   Code   RO         3761    .ARM.Collect$$$$00000011  mc_w.l(entry11a.o)
    0x0800019c   0x0800019c   0x00000004   Code   RO         3750    .ARM.Collect$$$$00002712  mc_w.l(entry2.o)
    0x080001a0   0x080001a0   0x00000024   Code   RO            4    .text               startup_stm32f407xx.o
    0x080001c4   0x080001c4   0x00000062   Code   RO         3448    .text               mc_w.l(uldiv.o)
    0x08000226   0x08000226   0x00000024   Code   RO         3450    .text               mc_w.l(memcpya.o)
    0x0800024a   0x0800024a   0x00000024   Code   RO         3452    .text               mc_w.l(memseta.o)
    0x0800026e   0x0800026e   0x0000014e   Code   RO         3727    .text               mf_w.l(dadd.o)
    0x080003bc   0x080003bc   0x000000e4   Code   RO         3729    .text               mf_w.l(dmul.o)
    0x080004a0   0x080004a0   0x000000de   Code   RO         3731    .text               mf_w.l(ddiv.o)
    0x0800057e   0x0800057e   0x00000022   Code   RO         3733    .text               mf_w.l(dflti.o)
    0x080005a0   0x080005a0   0x0000001a   Code   RO         3735    .text               mf_w.l(dfltui.o)
    0x080005ba   0x080005ba   0x00000032   Code   RO         3739    .text               mf_w.l(dfixui.o)
    0x080005ec   0x080005ec   0x00000026   Code   RO         3741    .text               mf_w.l(f2d.o)
    0x08000612   0x08000612   0x00000002   PAD
    0x08000614   0x08000614   0x00000030   Code   RO         3745    .text               mf_w.l(cdrcmple.o)
    0x08000644   0x08000644   0x0000002c   Code   RO         3766    .text               mc_w.l(uidiv.o)
    0x08000670   0x08000670   0x0000001e   Code   RO         3768    .text               mc_w.l(llshl.o)
    0x0800068e   0x0800068e   0x00000020   Code   RO         3770    .text               mc_w.l(llushr.o)
    0x080006ae   0x080006ae   0x00000024   Code   RO         3772    .text               mc_w.l(llsshr.o)
    0x080006d2   0x080006d2   0x00000000   Code   RO         3813    .text               mc_w.l(iusefp.o)
    0x080006d2   0x080006d2   0x000000ba   Code   RO         3816    .text               mf_w.l(depilogue.o)
    0x0800078c   0x0800078c   0x00000030   Code   RO         3818    .text               mf_w.l(dfixul.o)
    0x080007bc   0x080007bc   0x00000024   Code   RO         3820    .text               mc_w.l(init.o)
    0x080007e0   0x080007e0   0x00000002   Code   RO          628    i.BusFault_Handler  stm32f4xx_it.o
    0x080007e2   0x080007e2   0x00000002   PAD
    0x080007e4   0x080007e4   0x0000000c   Code   RO          629    i.DMA1_Stream1_IRQHandler  stm32f4xx_it.o
    0x080007f0   0x080007f0   0x0000000c   Code   RO          630    i.DMA1_Stream3_IRQHandler  stm32f4xx_it.o
    0x080007fc   0x080007fc   0x0000000c   Code   RO          631    i.DMA1_Stream5_IRQHandler  stm32f4xx_it.o
    0x08000808   0x08000808   0x0000000c   Code   RO          632    i.DMA1_Stream6_IRQHandler  stm32f4xx_it.o
    0x08000814   0x08000814   0x00000028   Code   RO         2212    i.DMA_CalcBaseAndBitshift  stm32f4xx_hal_dma.o
    0x0800083c   0x0800083c   0x00000054   Code   RO         2213    i.DMA_CheckFifoParam  stm32f4xx_hal_dma.o
    0x08000890   0x08000890   0x00000028   Code   RO         2214    i.DMA_SetConfig     stm32f4xx_hal_dma.o
    0x080008b8   0x080008b8   0x00000002   Code   RO          633    i.DebugMon_Handler  stm32f4xx_it.o
    0x080008ba   0x080008ba   0x00000002   PAD
    0x080008bc   0x080008bc   0x00000044   Code   RO           19    i.Emm_V5_Pos_Control  emm_v5.o
    0x08000900   0x08000900   0x0000007c   Code   RO           20    i.Emm_V5_Read_Sys_Params  emm_v5.o
    0x0800097c   0x0800097c   0x00000004   Code   RO          217    i.Error_Handler     main.o
    0x08000980   0x08000980   0x00000092   Code   RO         2215    i.HAL_DMA_Abort     stm32f4xx_hal_dma.o
    0x08000a12   0x08000a12   0x00000024   Code   RO         2216    i.HAL_DMA_Abort_IT  stm32f4xx_hal_dma.o
    0x08000a36   0x08000a36   0x00000002   PAD
    0x08000a38   0x08000a38   0x000001a0   Code   RO         2220    i.HAL_DMA_IRQHandler  stm32f4xx_hal_dma.o
    0x08000bd8   0x08000bd8   0x000000d4   Code   RO         2221    i.HAL_DMA_Init      stm32f4xx_hal_dma.o
    0x08000cac   0x08000cac   0x0000006e   Code   RO         2225    i.HAL_DMA_Start_IT  stm32f4xx_hal_dma.o
    0x08000d1a   0x08000d1a   0x00000002   PAD
    0x08000d1c   0x08000d1c   0x00000024   Code   RO         2652    i.HAL_Delay         stm32f4xx_hal.o
    0x08000d40   0x08000d40   0x000001f0   Code   RO         2108    i.HAL_GPIO_Init     stm32f4xx_hal_gpio.o
    0x08000f30   0x08000f30   0x0000000a   Code   RO         2112    i.HAL_GPIO_WritePin  stm32f4xx_hal_gpio.o
    0x08000f3a   0x08000f3a   0x00000002   PAD
    0x08000f3c   0x08000f3c   0x0000000c   Code   RO         2658    i.HAL_GetTick       stm32f4xx_hal.o
    0x08000f48   0x08000f48   0x00000010   Code   RO         2664    i.HAL_IncTick       stm32f4xx_hal.o
    0x08000f58   0x08000f58   0x00000034   Code   RO         2665    i.HAL_Init          stm32f4xx_hal.o
    0x08000f8c   0x08000f8c   0x00000040   Code   RO         2666    i.HAL_InitTick      stm32f4xx_hal.o
    0x08000fcc   0x08000fcc   0x00000030   Code   RO          756    i.HAL_MspInit       stm32f4xx_hal_msp.o
    0x08000ffc   0x08000ffc   0x0000001a   Code   RO         2500    i.HAL_NVIC_EnableIRQ  stm32f4xx_hal_cortex.o
    0x08001016   0x08001016   0x00000002   PAD
    0x08001018   0x08001018   0x00000040   Code   RO         2506    i.HAL_NVIC_SetPriority  stm32f4xx_hal_cortex.o
    0x08001058   0x08001058   0x00000024   Code   RO         2507    i.HAL_NVIC_SetPriorityGrouping  stm32f4xx_hal_cortex.o
    0x0800107c   0x0800107c   0x00000134   Code   RO         1754    i.HAL_RCC_ClockConfig  stm32f4xx_hal_rcc.o
    0x080011b0   0x080011b0   0x00000020   Code   RO         1761    i.HAL_RCC_GetPCLK1Freq  stm32f4xx_hal_rcc.o
    0x080011d0   0x080011d0   0x00000020   Code   RO         1762    i.HAL_RCC_GetPCLK2Freq  stm32f4xx_hal_rcc.o
    0x080011f0   0x080011f0   0x00000064   Code   RO         1763    i.HAL_RCC_GetSysClockFreq  stm32f4xx_hal_rcc.o
    0x08001254   0x08001254   0x0000036c   Code   RO         1766    i.HAL_RCC_OscConfig  stm32f4xx_hal_rcc.o
    0x080015c0   0x080015c0   0x00000028   Code   RO         2511    i.HAL_SYSTICK_Config  stm32f4xx_hal_cortex.o
    0x080015e8   0x080015e8   0x00000090   Code   RO         1505    i.HAL_TIMEx_MasterConfigSynchronization  stm32f4xx_hal_tim_ex.o
    0x08001678   0x08001678   0x0000005a   Code   RO          782    i.HAL_TIM_Base_Init  stm32f4xx_hal_tim.o
    0x080016d2   0x080016d2   0x00000002   PAD
    0x080016d4   0x080016d4   0x00000040   Code   RO          512    i.HAL_TIM_Base_MspInit  tim.o
    0x08001714   0x08001714   0x000000dc   Code   RO          791    i.HAL_TIM_ConfigClockSource  stm32f4xx_hal_tim.o
    0x080017f0   0x080017f0   0x00000084   Code   RO          513    i.HAL_TIM_MspPostInit  tim.o
    0x08001874   0x08001874   0x000000cc   Code   RO          854    i.HAL_TIM_PWM_ConfigChannel  stm32f4xx_hal_tim.o
    0x08001940   0x08001940   0x0000005a   Code   RO          857    i.HAL_TIM_PWM_Init  stm32f4xx_hal_tim.o
    0x0800199a   0x0800199a   0x00000002   Code   RO          859    i.HAL_TIM_PWM_MspInit  stm32f4xx_hal_tim.o
    0x0800199c   0x0800199c   0x000000c8   Code   RO          862    i.HAL_TIM_PWM_Start  stm32f4xx_hal_tim.o
    0x08001a64   0x08001a64   0x00000002   Code   RO         2915    i.HAL_UARTEx_RxEventCallback  stm32f4xx_hal_uart.o
    0x08001a66   0x08001a66   0x00000070   Code   RO         2927    i.HAL_UART_DMAStop  stm32f4xx_hal_uart.o
    0x08001ad6   0x08001ad6   0x00000002   Code   RO         2929    i.HAL_UART_ErrorCallback  stm32f4xx_hal_uart.o
    0x08001ad8   0x08001ad8   0x00000270   Code   RO         2932    i.HAL_UART_IRQHandler  stm32f4xx_hal_uart.o
    0x08001d48   0x08001d48   0x00000064   Code   RO         2933    i.HAL_UART_Init     stm32f4xx_hal_uart.o
    0x08001dac   0x08001dac   0x00000244   Code   RO          566    i.HAL_UART_MspInit  usart.o
    0x08001ff0   0x08001ff0   0x0000001c   Code   RO         2937    i.HAL_UART_Receive_DMA  stm32f4xx_hal_uart.o
    0x0800200c   0x0800200c   0x00000002   Code   RO         2939    i.HAL_UART_RxCpltCallback  stm32f4xx_hal_uart.o
    0x0800200e   0x0800200e   0x00000002   Code   RO         2940    i.HAL_UART_RxHalfCpltCallback  stm32f4xx_hal_uart.o
    0x08002010   0x08002010   0x000000a0   Code   RO         2941    i.HAL_UART_Transmit  stm32f4xx_hal_uart.o
    0x080020b0   0x080020b0   0x00000078   Code   RO         2942    i.HAL_UART_Transmit_DMA  stm32f4xx_hal_uart.o
    0x08002128   0x08002128   0x00000002   Code   RO         2944    i.HAL_UART_TxCpltCallback  stm32f4xx_hal_uart.o
    0x0800212a   0x0800212a   0x00000002   Code   RO         2945    i.HAL_UART_TxHalfCpltCallback  stm32f4xx_hal_uart.o
    0x0800212c   0x0800212c   0x00000002   Code   RO          634    i.HardFault_Handler  stm32f4xx_it.o
    0x0800212e   0x0800212e   0x00000002   PAD
    0x08002130   0x08002130   0x0000005c   Code   RO          484    i.MX_DMA_Init       dma.o
    0x0800218c   0x0800218c   0x0000009c   Code   RO          457    i.MX_GPIO_Init      gpio.o
    0x08002228   0x08002228   0x000000a8   Code   RO          514    i.MX_TIM3_Init      tim.o
    0x080022d0   0x080022d0   0x000000b8   Code   RO          515    i.MX_TIM4_Init      tim.o
    0x08002388   0x08002388   0x00000038   Code   RO          567    i.MX_USART1_UART_Init  usart.o
    0x080023c0   0x080023c0   0x00000038   Code   RO          568    i.MX_USART2_UART_Init  usart.o
    0x080023f8   0x080023f8   0x00000038   Code   RO          569    i.MX_USART3_UART_Init  usart.o
    0x08002430   0x08002430   0x00000038   Code   RO          570    i.MX_USART6_UART_Init  usart.o
    0x08002468   0x08002468   0x00000002   Code   RO          635    i.MemManage_Handler  stm32f4xx_it.o
    0x0800246a   0x0800246a   0x00000002   Code   RO          636    i.NMI_Handler       stm32f4xx_it.o
    0x0800246c   0x0800246c   0x00000002   Code   RO          637    i.PendSV_Handler    stm32f4xx_it.o
    0x0800246e   0x0800246e   0x00000002   Code   RO          638    i.SVC_Handler       stm32f4xx_it.o
    0x08002470   0x08002470   0x00000004   Code   RO          639    i.SysTick_Handler   stm32f4xx_it.o
    0x08002474   0x08002474   0x00000094   Code   RO          218    i.SystemClock_Config  main.o
    0x08002508   0x08002508   0x00000010   Code   RO         3267    i.SystemInit        system_stm32f4xx.o
    0x08002518   0x08002518   0x000000d8   Code   RO          875    i.TIM_Base_SetConfig  stm32f4xx_hal_tim.o
    0x080025f0   0x080025f0   0x0000001a   Code   RO          876    i.TIM_CCxChannelCmd  stm32f4xx_hal_tim.o
    0x0800260a   0x0800260a   0x00000014   Code   RO          886    i.TIM_ETR_SetConfig  stm32f4xx_hal_tim.o
    0x0800261e   0x0800261e   0x00000010   Code   RO          887    i.TIM_ITRx_SetConfig  stm32f4xx_hal_tim.o
    0x0800262e   0x0800262e   0x00000002   PAD
    0x08002630   0x08002630   0x00000060   Code   RO          888    i.TIM_OC1_SetConfig  stm32f4xx_hal_tim.o
    0x08002690   0x08002690   0x0000006c   Code   RO          889    i.TIM_OC2_SetConfig  stm32f4xx_hal_tim.o
    0x080026fc   0x080026fc   0x00000068   Code   RO          890    i.TIM_OC3_SetConfig  stm32f4xx_hal_tim.o
    0x08002764   0x08002764   0x00000050   Code   RO          891    i.TIM_OC4_SetConfig  stm32f4xx_hal_tim.o
    0x080027b4   0x080027b4   0x00000022   Code   RO          893    i.TIM_TI1_ConfigInputStage  stm32f4xx_hal_tim.o
    0x080027d6   0x080027d6   0x00000024   Code   RO          895    i.TIM_TI2_ConfigInputStage  stm32f4xx_hal_tim.o
    0x080027fa   0x080027fa   0x00000010   Code   RO         2946    i.UART_DMAAbortOnError  stm32f4xx_hal_uart.o
    0x0800280a   0x0800280a   0x0000004a   Code   RO         2947    i.UART_DMAError     stm32f4xx_hal_uart.o
    0x08002854   0x08002854   0x00000086   Code   RO         2948    i.UART_DMAReceiveCplt  stm32f4xx_hal_uart.o
    0x080028da   0x080028da   0x0000001e   Code   RO         2950    i.UART_DMARxHalfCplt  stm32f4xx_hal_uart.o
    0x080028f8   0x080028f8   0x00000042   Code   RO         2952    i.UART_DMATransmitCplt  stm32f4xx_hal_uart.o
    0x0800293a   0x0800293a   0x0000000a   Code   RO         2954    i.UART_DMATxHalfCplt  stm32f4xx_hal_uart.o
    0x08002944   0x08002944   0x0000004e   Code   RO         2956    i.UART_EndRxTransfer  stm32f4xx_hal_uart.o
    0x08002992   0x08002992   0x0000001c   Code   RO         2957    i.UART_EndTxTransfer  stm32f4xx_hal_uart.o
    0x080029ae   0x080029ae   0x000000c2   Code   RO         2958    i.UART_Receive_IT   stm32f4xx_hal_uart.o
    0x08002a70   0x08002a70   0x0000010c   Code   RO         2959    i.UART_SetConfig    stm32f4xx_hal_uart.o
    0x08002b7c   0x08002b7c   0x00000090   Code   RO         2960    i.UART_Start_Receive_DMA  stm32f4xx_hal_uart.o
    0x08002c0c   0x08002c0c   0x00000072   Code   RO         2962    i.UART_WaitOnFlagUntilTimeout  stm32f4xx_hal_uart.o
    0x08002c7e   0x08002c7e   0x00000002   PAD
    0x08002c80   0x08002c80   0x0000000c   Code   RO          640    i.USART1_IRQHandler  stm32f4xx_it.o
    0x08002c8c   0x08002c8c   0x00000040   Code   RO          641    i.USART2_IRQHandler  stm32f4xx_it.o
    0x08002ccc   0x08002ccc   0x00000054   Code   RO          642    i.USART3_IRQHandler  stm32f4xx_it.o
    0x08002d20   0x08002d20   0x00000054   Code   RO          643    i.USART6_IRQHandler  stm32f4xx_it.o
    0x08002d74   0x08002d74   0x00000002   Code   RO          644    i.UsageFault_Handler  stm32f4xx_it.o
    0x08002d76   0x08002d76   0x00000002   PAD
    0x08002d78   0x08002d78   0x00000020   Code   RO         3695    i.__0printf         mc_w.l(printfa.o)
    0x08002d98   0x08002d98   0x00000034   Code   RO         3696    i.__0snprintf       mc_w.l(printfa.o)
    0x08002dcc   0x08002dcc   0x00000034   Code   RO         3700    i.__0vsnprintf      mc_w.l(printfa.o)
    0x08002e00   0x08002e00   0x00000020   Code   RO         2513    i.__NVIC_SetPriority  stm32f4xx_hal_cortex.o
    0x08002e20   0x08002e20   0x0000000e   Code   RO         3839    i.__scatterload_copy  mc_w.l(handlers.o)
    0x08002e2e   0x08002e2e   0x00000002   Code   RO         3840    i.__scatterload_null  mc_w.l(handlers.o)
    0x08002e30   0x08002e30   0x0000000e   Code   RO         3841    i.__scatterload_zeroinit  mc_w.l(handlers.o)
    0x08002e3e   0x08002e3e   0x00000002   PAD
    0x08002e40   0x08002e40   0x00000184   Code   RO         3702    i._fp_digits        mc_w.l(printfa.o)
    0x08002fc4   0x08002fc4   0x000006b4   Code   RO         3703    i._printf_core      mc_w.l(printfa.o)
    0x08003678   0x08003678   0x00000024   Code   RO         3704    i._printf_post_padding  mc_w.l(printfa.o)
    0x0800369c   0x0800369c   0x0000002e   Code   RO         3705    i._printf_pre_padding  mc_w.l(printfa.o)
    0x080036ca   0x080036ca   0x00000016   Code   RO         3706    i._snputc           mc_w.l(printfa.o)
    0x080036e0   0x080036e0   0x00000064   Code   RO          219    i.deg2PWM_aoa_l     main.o
    0x08003744   0x08003744   0x00000064   Code   RO          220    i.deg2PWM_aoa_r     main.o
    0x080037a8   0x080037a8   0x00000064   Code   RO          221    i.deg2PWM_l         main.o
    0x0800380c   0x0800380c   0x00000058   Code   RO          222    i.deg2PWM_r         main.o
    0x08003864   0x08003864   0x00000018   Code   RO          224    i.fputc             main.o
    0x0800387c   0x0800387c   0x0000002e   Code   RO         3301    i.hipnuc_crc16      hipnuc_dec.o
    0x080038aa   0x080038aa   0x00000002   PAD
    0x080038ac   0x080038ac   0x00000710   Code   RO         3302    i.hipnuc_dump_packet  hipnuc_dec.o
    0x08003fbc   0x08003fbc   0x00000086   Code   RO         3303    i.hipnuc_input      hipnuc_dec.o
    0x08004042   0x08004042   0x00000002   PAD
    0x08004044   0x08004044   0x00000188   Code   RO          225    i.main              main.o
    0x080041cc   0x080041cc   0x00000c88   Code   RO          226    i.parse_ctrl        main.o
    0x08004e54   0x08004e54   0x00000214   Code   RO         3304    i.parse_data        hipnuc_dec.o
    0x08005068   0x08005068   0x000002d0   Code   RO          227    i.print_message     main.o
    0x08005338   0x08005338   0x0000009c   Code   RO          228    i.process_data      main.o
    0x080053d4   0x080053d4   0x00000034   Code   RO          229    i.uart2_printf      main.o
    0x08005408   0x08005408   0x00000008   Data   RO         2227    .constdata          stm32f4xx_hal_dma.o
    0x08005410   0x08005410   0x00000010   Data   RO         3268    .constdata          system_stm32f4xx.o
    0x08005420   0x08005420   0x00000008   Data   RO         3269    .constdata          system_stm32f4xx.o
    0x08005428   0x08005428   0x0000006b   Data   RO          235    .conststring        main.o
    0x08005493   0x08005493   0x00000001   PAD
    0x08005494   0x08005494   0x0000049a   Data   RO         3305    .conststring        hipnuc_dec.o
    0x0800592e   0x0800592e   0x00000002   PAD
    0x08005930   0x08005930   0x00000020   Data   RO         3837    Region$$Table       anon$$obj.o


    Execution Region RW_IRAM1 (Exec base: 0x20000000, Load base: 0x08005950, Size: 0x00001288, Max: 0x0001c000, ABSOLUTE)

    Exec Addr    Load Addr    Size         Type   Attr      Idx    E Section Name        Object

    0x20000000   0x08005950   0x00000044   Data   RW          238    .data               main.o
    0x20000044   0x08005994   0x00000001   Data   RW          573    .data               usart.o
    0x20000045   0x08005995   0x00000001   Data   RW          574    .data               usart.o
    0x20000046   0x08005996   0x00000002   PAD
    0x20000048   0x08005998   0x0000000c   Data   RW         2672    .data               stm32f4xx_hal.o
    0x20000054   0x080059a4   0x00000004   Data   RW         3270    .data               system_stm32f4xx.o
    0x20000058   0x080059a8   0x00000004   Data   RW         3765    .data               mc_w.l(stdout.o)
    0x2000005c        -       0x00000010   Zero   RW          232    .bss                main.o
    0x2000006c        -       0x000009ec   Zero   RW          233    .bss                main.o
    0x20000a58        -       0x00000090   Zero   RW          516    .bss                tim.o
    0x20000ae8        -       0x000000ff   Zero   RW          571    .bss                usart.o
    0x20000be7   0x080059ac   0x00000001   PAD
    0x20000be8        -       0x000002a0   Zero   RW          572    .bss                usart.o
    0x20000e88        -       0x00000400   Zero   RW            1    STACK               startup_stm32f407xx.o


    Execution Region RW_IRAM2 (Exec base: 0x2001c000, Load base: 0x080059ac, Size: 0x00000000, Max: 0x00004000, ABSOLUTE)

    **** No section assigned to this execution region ****


==============================================================================

Image component sizes


      Code (inc. data)   RO Data    RW Data    ZI Data      Debug   Object Name

        92          4          0          0          0        874   dma.o
       192         34          0          0          0     693150   emm_v5.o
       156          8          0          0          0       1099   gpio.o
      2520         92       1178          0          0       8204   hipnuc_dec.o
      5092       1764        107         68       2556      78101   main.o
        36          8        392          0       1024        872   startup_stm32f407xx.o
       180         28          0         12          0       9709   stm32f4xx_hal.o
       198         14          0          0          0      34087   stm32f4xx_hal_cortex.o
      1084         16          8          0          0       7690   stm32f4xx_hal_dma.o
       506         46          0          0          0       2308   stm32f4xx_hal_gpio.o
        48          6          0          0          0        934   stm32f4xx_hal_msp.o
      1348         76          0          0          0       5468   stm32f4xx_hal_rcc.o
      1542        110          0          0          0      13736   stm32f4xx_hal_tim.o
       144         28          0          0          0       1452   stm32f4xx_hal_tim_ex.o
      2312         44          0          0          0      19663   stm32f4xx_hal_uart.o
       312         76          0          0          0       9810   stm32f4xx_it.o
        16          4         24          4          0       1243   system_stm32f4xx.o
       548         50          0          0        144       3465   tim.o
       804         78          0          2        927       4623   usart.o

    ----------------------------------------------------------------------
     17156       2486       1744         88       4652     896488   Object Totals
         0          0         32          0          0          0   (incl. Generated)
        26          0          3          2          1          0   (incl. Padding)

    ----------------------------------------------------------------------

      Code (inc. data)   RO Data    RW Data    ZI Data      Debug   Library Member Name

         0          0          0          0          0          0   entry.o
         0          0          0          0          0          0   entry10a.o
         0          0          0          0          0          0   entry11a.o
         4          0          0          0          0          0   entry12b.o
         8          4          0          0          0          0   entry2.o
         4          0          0          0          0          0   entry5.o
         0          0          0          0          0          0   entry7b.o
         0          0          0          0          0          0   entry8b.o
         8          4          0          0          0          0   entry9a.o
        30          0          0          0          0          0   handlers.o
        36          8          0          0          0         68   init.o
         0          0          0          0          0          0   iusefp.o
        30          0          0          0          0         68   llshl.o
        36          0          0          0          0         68   llsshr.o
        32          0          0          0          0         68   llushr.o
        36          0          0          0          0         68   memcpya.o
        36          0          0          0          0        108   memseta.o
      2344        100          0          0          0        700   printfa.o
         0          0          0          4          0          0   stdout.o
        44          0          0          0          0         80   uidiv.o
        98          0          0          0          0         92   uldiv.o
        48          0          0          0          0         68   cdrcmple.o
       334          0          0          0          0        148   dadd.o
       222          0          0          0          0        100   ddiv.o
       186          0          0          0          0        176   depilogue.o
        50          0          0          0          0         76   dfixui.o
        48          0          0          0          0         68   dfixul.o
        34          0          0          0          0         76   dflti.o
        26          0          0          0          0         76   dfltui.o
       228          0          0          0          0         96   dmul.o
        38          0          0          0          0         68   f2d.o

    ----------------------------------------------------------------------
      3964        116          0          4          0       2272   Library Totals
         4          0          0          0          0          0   (incl. Padding)

    ----------------------------------------------------------------------

      Code (inc. data)   RO Data    RW Data    ZI Data      Debug   Library Name

      2746        116          0          4          0       1320   mc_w.l
      1214          0          0          0          0        952   mf_w.l

    ----------------------------------------------------------------------
      3964        116          0          4          0       2272   Library Totals

    ----------------------------------------------------------------------

==============================================================================


      Code (inc. data)   RO Data    RW Data    ZI Data      Debug   

     21120       2602       1744         92       4652     887068   Grand Totals
     21120       2602       1744         92       4652     887068   ELF Image Totals
     21120       2602       1744         92          0          0   ROM Totals

==============================================================================

    Total RO  Size (Code + RO Data)                22864 (  22.33kB)
    Total RW  Size (RW Data + ZI Data)              4744 (   4.63kB)
    Total ROM Size (Code + RO Data + RW Data)      22956 (  22.42kB)

==============================================================================

